Archive member included to satisfy reference by file (symbol)

c:/vsarm/armcc/102020~1/bin/../lib/gcc/arm-none-eabi/10.2.1/thumb/v6-m/nofp\libgcc.a(_dvmd_tls.o)
                              CMakeFiles/pico_teste.dir/C_/VSARM/sdk/pico/pico-sdk/src/rp2_common/pico_divider/divider.S.obj (__aeabi_idiv0)
c:/vsarm/armcc/102020~1/bin/../lib/gcc/arm-none-eabi/10.2.1/../../../../arm-none-eabi/lib/thumb/v6-m/nofp\libg.a(lib_a-calloc.o)
                              CMakeFiles/pico_teste.dir/C_/VSARM/sdk/pico/pico-sdk/src/rp2_common/pico_malloc/pico_malloc.c.obj (calloc)
c:/vsarm/armcc/102020~1/bin/../lib/gcc/arm-none-eabi/10.2.1/../../../../arm-none-eabi/lib/thumb/v6-m/nofp\libg.a(lib_a-callocr.o)
                              c:/vsarm/armcc/102020~1/bin/../lib/gcc/arm-none-eabi/10.2.1/../../../../arm-none-eabi/lib/thumb/v6-m/nofp\libg.a(lib_a-calloc.o) (_calloc_r)
c:/vsarm/armcc/102020~1/bin/../lib/gcc/arm-none-eabi/10.2.1/../../../../arm-none-eabi/lib/thumb/v6-m/nofp\libg.a(lib_a-ctype_.o)
                              CMakeFiles/pico_teste.dir/C_/VSARM/sdk/pico/pico-sdk/lib/tinyusb/src/tusb.c.obj (_ctype_)
c:/vsarm/armcc/102020~1/bin/../lib/gcc/arm-none-eabi/10.2.1/../../../../arm-none-eabi/lib/thumb/v6-m/nofp\libg.a(lib_a-impure.o)
                              c:/vsarm/armcc/102020~1/bin/../lib/gcc/arm-none-eabi/10.2.1/../../../../arm-none-eabi/lib/thumb/v6-m/nofp\libg.a(lib_a-calloc.o) (_impure_ptr)
c:/vsarm/armcc/102020~1/bin/../lib/gcc/arm-none-eabi/10.2.1/../../../../arm-none-eabi/lib/thumb/v6-m/nofp\libg.a(lib_a-init.o)
                              c:/vsarm/armcc/102020~1/bin/../lib/gcc/arm-none-eabi/10.2.1/../../../../arm-none-eabi/lib/thumb/v6-m/nofp/crt0.o (__libc_init_array)
c:/vsarm/armcc/102020~1/bin/../lib/gcc/arm-none-eabi/10.2.1/../../../../arm-none-eabi/lib/thumb/v6-m/nofp\libg.a(lib_a-malloc.o)
                              CMakeFiles/pico_teste.dir/C_/VSARM/sdk/pico/pico-sdk/src/rp2_common/pico_malloc/pico_malloc.c.obj (malloc)
c:/vsarm/armcc/102020~1/bin/../lib/gcc/arm-none-eabi/10.2.1/../../../../arm-none-eabi/lib/thumb/v6-m/nofp\libg.a(lib_a-mallocr.o)
                              c:/vsarm/armcc/102020~1/bin/../lib/gcc/arm-none-eabi/10.2.1/../../../../arm-none-eabi/lib/thumb/v6-m/nofp\libg.a(lib_a-callocr.o) (_malloc_r)
c:/vsarm/armcc/102020~1/bin/../lib/gcc/arm-none-eabi/10.2.1/../../../../arm-none-eabi/lib/thumb/v6-m/nofp\libg.a(lib_a-mlock.o)
                              c:/vsarm/armcc/102020~1/bin/../lib/gcc/arm-none-eabi/10.2.1/../../../../arm-none-eabi/lib/thumb/v6-m/nofp\libg.a(lib_a-mallocr.o) (__malloc_lock)
c:/vsarm/armcc/102020~1/bin/../lib/gcc/arm-none-eabi/10.2.1/../../../../arm-none-eabi/lib/thumb/v6-m/nofp\libg.a(lib_a-sbrkr.o)
                              c:/vsarm/armcc/102020~1/bin/../lib/gcc/arm-none-eabi/10.2.1/../../../../arm-none-eabi/lib/thumb/v6-m/nofp\libg.a(lib_a-mallocr.o) (_sbrk_r)
c:/vsarm/armcc/102020~1/bin/../lib/gcc/arm-none-eabi/10.2.1/../../../../arm-none-eabi/lib/thumb/v6-m/nofp\libg.a(lib_a-strlen-stub.o)
                              CMakeFiles/pico_teste.dir/C_/VSARM/sdk/pico/pico-sdk/src/rp2_common/pico_stdio/stdio.c.obj (strlen)
c:/vsarm/armcc/102020~1/bin/../lib/gcc/arm-none-eabi/10.2.1/../../../../arm-none-eabi/lib/thumb/v6-m/nofp\libg.a(lib_a-freer.o)
                              c:/vsarm/armcc/102020~1/bin/../lib/gcc/arm-none-eabi/10.2.1/../../../../arm-none-eabi/lib/thumb/v6-m/nofp\libg.a(lib_a-malloc.o) (_free_r)
c:/vsarm/armcc/102020~1/bin/../lib/gcc/arm-none-eabi/10.2.1/../../../../arm-none-eabi/lib/thumb/v6-m/nofp\libg.a(lib_a-lock.o)
                              c:/vsarm/armcc/102020~1/bin/../lib/gcc/arm-none-eabi/10.2.1/../../../../arm-none-eabi/lib/thumb/v6-m/nofp\libg.a(lib_a-mlock.o) (__retarget_lock_acquire_recursive)
c:/vsarm/armcc/102020~1/bin/../lib/gcc/arm-none-eabi/10.2.1/../../../../arm-none-eabi/lib/thumb/v6-m/nofp\libg.a(lib_a-reent.o)
                              c:/vsarm/armcc/102020~1/bin/../lib/gcc/arm-none-eabi/10.2.1/../../../../arm-none-eabi/lib/thumb/v6-m/nofp\libg.a(lib_a-sbrkr.o) (errno)

Discarded input sections

 .text          0x00000000        0x0 c:/vsarm/armcc/102020~1/bin/../lib/gcc/arm-none-eabi/10.2.1/thumb/v6-m/nofp/crti.o
 .data          0x00000000        0x0 c:/vsarm/armcc/102020~1/bin/../lib/gcc/arm-none-eabi/10.2.1/thumb/v6-m/nofp/crti.o
 .bss           0x00000000        0x0 c:/vsarm/armcc/102020~1/bin/../lib/gcc/arm-none-eabi/10.2.1/thumb/v6-m/nofp/crti.o
 .data          0x00000000        0x4 c:/vsarm/armcc/102020~1/bin/../lib/gcc/arm-none-eabi/10.2.1/thumb/v6-m/nofp/crtbegin.o
 .rodata        0x00000000       0x24 c:/vsarm/armcc/102020~1/bin/../lib/gcc/arm-none-eabi/10.2.1/thumb/v6-m/nofp/crtbegin.o
 .fini_array    0x00000000        0x4 c:/vsarm/armcc/102020~1/bin/../lib/gcc/arm-none-eabi/10.2.1/thumb/v6-m/nofp/crtbegin.o
 .text          0x00000000       0x80 c:/vsarm/armcc/102020~1/bin/../lib/gcc/arm-none-eabi/10.2.1/../../../../arm-none-eabi/lib/thumb/v6-m/nofp/crt0.o
[...]
Memory Configuration

Name             Origin             Length             Attributes
FLASH            0x10000000         0x00200000         xr
RAM              0x20000000         0x00040000         xrw
SCRATCH_X        0x20040000         0x00001000         xrw
SCRATCH_Y        0x20041000         0x00001000         xrw
*default*        0x00000000         0xffffffff

Linker script and memory map

LOAD c:/vsarm/armcc/102020~1/bin/../lib/gcc/arm-none-eabi/10.2.1/thumb/v6-m/nofp/crti.o
LOAD c:/vsarm/armcc/102020~1/bin/../lib/gcc/arm-none-eabi/10.2.1/thumb/v6-m/nofp/crtbegin.o
LOAD c:/vsarm/armcc/102020~1/bin/../lib/gcc/arm-none-eabi/10.2.1/../../../../arm-none-eabi/lib/thumb/v6-m/nofp/crt0.o

.flash_begin    0x10000000        0x0
                0x10000000                __flash_binary_start = .

.boot2          0x10000000      0x100
                0x10000000                __boot2_start__ = .
 *(.boot2)
 .boot2         0x10000000      0x100 C:\Users\AUGEN04\AppData\Local\Temp\ccXqpfgl.o
                0x10000100                __boot2_end__ = .
                0x00000001                ASSERT (((__boot2_end__ - __boot2_start__) == 0x100), ERROR: Pico second stage bootloader must be 256 bytes in size)

.text           0x10000100     0x6ed8
                0x10000100                __logical_binary_start = .
 *(.vectors)
 .vectors       0x10000100       0xd4 CMakeFiles/pico_teste.dir/C_/VSARM/sdk/pico/pico-sdk/src/rp2_common/pico_standard_link/crt0.S.obj
                0x10000100                __VECTOR_TABLE
                0x10000100                __vectors
                0x100001c0                isr_invalid
                0x100001c0                __default_isrs_start
                0x100001c2                isr_nmi
                0x100001c4                isr_hardfault
                0x100001c6                isr_svcall
                0x100001c8                isr_pendsv
                0x100001ca                isr_systick
                0x100001cc                isr_irq23
                0x100001cc                isr_irq18
                0x100001cc                isr_irq11
                0x100001cc                isr_irq28
                0x100001cc                isr_irq19
                0x100001cc                isr_irq0
                0x100001cc                isr_irq6
                0x100001cc                isr_irq5
                0x100001cc                isr_irq12
                0x100001cc                isr_irq22
                0x100001cc                isr_irq31
                0x100001cc                isr_irq17
                0x100001cc                isr_irq27
                0x100001cc                isr_irq30
                0x100001cc                isr_irq2
                0x100001cc                isr_irq10
                0x100001cc                isr_irq8
                0x100001cc                isr_irq24
                0x100001cc                isr_irq1
                0x100001cc                isr_irq7
                0x100001cc                isr_irq21
                0x100001cc                isr_irq20
                0x100001cc                isr_irq15
                0x100001cc                isr_irq25
                0x100001cc                isr_irq13
                0x100001cc                __unhandled_user_irq
                0x100001cc                isr_irq4
                0x100001cc                isr_irq16
                0x100001cc                isr_irq29
                0x100001cc                isr_irq26
                0x100001cc                __default_isrs_end
                0x100001cc                isr_irq3
                0x100001cc                isr_irq14
                0x100001cc                isr_irq9
                0x100001d2                unhandled_user_irq_num_in_r0
 *(.binary_info_header)
 .binary_info_header
                0x100001d4       0x14 CMakeFiles/pico_teste.dir/C_/VSARM/sdk/pico/pico-sdk/src/rp2_common/pico_standard_link/crt0.S.obj
                0x100001e8                __binary_info_header_end = .
 *(.reset)
 .reset         0x100001e8       0xa8 CMakeFiles/pico_teste.dir/C_/VSARM/sdk/pico/pico-sdk/src/rp2_common/pico_standard_link/crt0.S.obj
                0x100001e8                _entry_point
                0x10000266                __get_current_exception
 .reset         0x10000290       0x30 CMakeFiles/pico_teste.dir/C_/VSARM/sdk/pico/pico-sdk/src/rp2_common/pico_standard_link/binary_info.c.obj
 *(.init)
 .init          0x100002c0        0x4 c:/vsarm/armcc/102020~1/bin/../lib/gcc/arm-none-eabi/10.2.1/thumb/v6-m/nofp/crti.o
                0x100002c0                _init
 *(EXCLUDE_FILE(*libm.a: *libc.a:*lib_a-mem*.o *libgcc.a:) .text*)
 .text          0x100002c4       0x48 c:/vsarm/armcc/102020~1/bin/../lib/gcc/arm-none-eabi/10.2.1/thumb/v6-m/nofp/crtbegin.o
 .text.main     0x1000030c       0x40 CMakeFiles/pico_teste.dir/blink.c.obj
                0x1000030c                main
 .text.gpio_set_function
                0x1000034c       0x30 CMakeFiles/pico_teste.dir/C_/VSARM/sdk/pico/pico-sdk/src/rp2_common/hardware_gpio/gpio.c.obj
                0x1000034c                gpio_set_function
 .text.gpio_init
                0x1000037c       0x16 CMakeFiles/pico_teste.dir/C_/VSARM/sdk/pico/pico-sdk/src/rp2_common/hardware_gpio/gpio.c.obj
                0x1000037c                gpio_init
 *fill*         0x10000392        0x2 
 .text.hw_claim_lock
                0x10000394       0x18 CMakeFiles/pico_teste.dir/C_/VSARM/sdk/pico/pico-sdk/src/rp2_common/hardware_claim/claim.c.obj
                0x10000394                hw_claim_lock
 .text.hw_claim_unlock
                0x100003ac       0x14 CMakeFiles/pico_teste.dir/C_/VSARM/sdk/pico/pico-sdk/src/rp2_common/hardware_claim/claim.c.obj
                0x100003ac                hw_claim_unlock
 .text.hw_claim_or_assert
                0x100003c0       0x32 CMakeFiles/pico_teste.dir/C_/VSARM/sdk/pico/pico-sdk/src/rp2_common/hardware_claim/claim.c.obj
                0x100003c0                hw_claim_or_assert
 .text.hw_claim_unused_from_range
                0x100003f2       0x50 CMakeFiles/pico_teste.dir/C_/VSARM/sdk/pico/pico-sdk/src/rp2_common/hardware_claim/claim.c.obj
                0x100003f2                hw_claim_unused_from_range
 *fill*         0x10000442        0x2 
 .text.running_on_fpga
                0x10000444       0x14 CMakeFiles/pico_teste.dir/C_/VSARM/sdk/pico/pico-sdk/src/rp2_common/pico_platform/platform.c.obj
                0x10000444                running_on_fpga
 .text.spin_locks_reset
                0x10000458       0x20 CMakeFiles/pico_teste.dir/C_/VSARM/sdk/pico/pico-sdk/src/rp2_common/hardware_sync/sync.c.obj
                0x10000458                spin_locks_reset
 .text.next_striped_spin_lock_num
                0x10000478       0x1c CMakeFiles/pico_teste.dir/C_/VSARM/sdk/pico/pico-sdk/src/rp2_common/hardware_sync/sync.c.obj
                0x10000478                next_striped_spin_lock_num
 .text.spin_lock_claim_unused
                0x10000494       0x20 CMakeFiles/pico_teste.dir/C_/VSARM/sdk/pico/pico-sdk/src/rp2_common/hardware_sync/sync.c.obj
                0x10000494                spin_lock_claim_unused
 .text.alarm_pool_post_alloc_init
                0x100004b4       0x40 CMakeFiles/pico_teste.dir/C_/VSARM/sdk/pico/pico-sdk/src/common/pico_time/time.c.obj
 .text.sleep_until_callback
                0x100004f4       0x30 CMakeFiles/pico_teste.dir/C_/VSARM/sdk/pico/pico-sdk/src/common/pico_time/time.c.obj
 .text.timer_pool_entry_comparator
                0x10000524       0x7c CMakeFiles/pico_teste.dir/C_/VSARM/sdk/pico/pico-sdk/src/common/pico_time/time.c.obj
                0x10000524                timer_pool_entry_comparator
 .text.ph_add_child_node
                0x100005a0       0xa4 CMakeFiles/pico_teste.dir/C_/VSARM/sdk/pico/pico-sdk/src/common/pico_time/time.c.obj
 .text.ph_merge_nodes
                0x10000644       0x3e CMakeFiles/pico_teste.dir/C_/VSARM/sdk/pico/pico-sdk/src/common/pico_time/time.c.obj
 *fill*         0x10000682        0x2 
 .text.add_alarm_under_lock
                0x10000684      0x174 CMakeFiles/pico_teste.dir/C_/VSARM/sdk/pico/pico-sdk/src/common/pico_time/time.c.obj
 .text.alarm_pool_alarm_callback
                0x100007f8      0x328 CMakeFiles/pico_teste.dir/C_/VSARM/sdk/pico/pico-sdk/src/common/pico_time/time.c.obj
 .text.alarm_pool_init_default
                0x10000b20       0x38 CMakeFiles/pico_teste.dir/C_/VSARM/sdk/pico/pico-sdk/src/common/pico_time/time.c.obj
                0x10000b20                alarm_pool_init_default
 .text.alarm_pool_get_default
                0x10000b58       0x2c CMakeFiles/pico_teste.dir/C_/VSARM/sdk/pico/pico-sdk/src/common/pico_time/time.c.obj
                0x10000b58                alarm_pool_get_default
 .text.alarm_pool_add_alarm_at
                0x10000b84      0x170 CMakeFiles/pico_teste.dir/C_/VSARM/sdk/pico/pico-sdk/src/common/pico_time/time.c.obj
                0x10000b84                alarm_pool_add_alarm_at
 .text.alarm_pool_cancel_alarm
                0x10000cf4       0xf0 CMakeFiles/pico_teste.dir/C_/VSARM/sdk/pico/pico-sdk/src/common/pico_time/time.c.obj
                0x10000cf4                alarm_pool_cancel_alarm
 .text.sleep_until
                0x10000de4       0xfc CMakeFiles/pico_teste.dir/C_/VSARM/sdk/pico/pico-sdk/src/common/pico_time/time.c.obj
                0x10000de4                sleep_until
 .text.sleep_us
                0x10000ee0       0x58 CMakeFiles/pico_teste.dir/C_/VSARM/sdk/pico/pico-sdk/src/common/pico_time/time.c.obj
                0x10000ee0                sleep_us
 .text.sleep_ms
                0x10000f38       0x14 CMakeFiles/pico_teste.dir/C_/VSARM/sdk/pico/pico-sdk/src/common/pico_time/time.c.obj
                0x10000f38                sleep_ms
 .text.best_effort_wfe_or_timeout
                0x10000f4c       0x80 CMakeFiles/pico_teste.dir/C_/VSARM/sdk/pico/pico-sdk/src/common/pico_time/time.c.obj
                0x10000f4c                best_effort_wfe_or_timeout
 .text.hardware_alarm_irq_handler
                0x10000fcc       0x8c CMakeFiles/pico_teste.dir/C_/VSARM/sdk/pico/pico-sdk/src/rp2_common/hardware_timer/timer.c.obj
 .text.hardware_alarm_claim
                0x10001058       0x18 CMakeFiles/pico_teste.dir/C_/VSARM/sdk/pico/pico-sdk/src/rp2_common/hardware_timer/timer.c.obj
                0x10001058                hardware_alarm_claim
 .text.time_us_64
                0x10001070       0x18 CMakeFiles/pico_teste.dir/C_/VSARM/sdk/pico/pico-sdk/src/rp2_common/hardware_timer/timer.c.obj
                0x10001070                time_us_64
 .text.busy_wait_until
                0x10001088       0x28 CMakeFiles/pico_teste.dir/C_/VSARM/sdk/pico/pico-sdk/src/rp2_common/hardware_timer/timer.c.obj
                0x10001088                busy_wait_until
 .text.hardware_alarm_set_callback
                0x100010b0       0x90 CMakeFiles/pico_teste.dir/C_/VSARM/sdk/pico/pico-sdk/src/rp2_common/hardware_timer/timer.c.obj
                0x100010b0                hardware_alarm_set_callback
 .text.hardware_alarm_set_target
                0x10001140       0xe8 CMakeFiles/pico_teste.dir/C_/VSARM/sdk/pico/pico-sdk/src/rp2_common/hardware_timer/timer.c.obj
                0x10001140                hardware_alarm_set_target
 .text.hardware_alarm_cancel
                0x10001228       0x40 CMakeFiles/pico_teste.dir/C_/VSARM/sdk/pico/pico-sdk/src/rp2_common/hardware_timer/timer.c.obj
                0x10001228                hardware_alarm_cancel
 .text.lock_init
                0x10001268       0x10 CMakeFiles/pico_teste.dir/C_/VSARM/sdk/pico/pico-sdk/src/common/pico_sync/lock_core.c.obj
                0x10001268                lock_init
 .text.mutex_init
                0x10001278       0x1a CMakeFiles/pico_teste.dir/C_/VSARM/sdk/pico/pico-sdk/src/common/pico_sync/mutex.c.obj
                0x10001278                mutex_init
 .text.recursive_mutex_init
                0x10001292       0x1e CMakeFiles/pico_teste.dir/C_/VSARM/sdk/pico/pico-sdk/src/common/pico_sync/mutex.c.obj
                0x10001292                recursive_mutex_init
 .text.critical_section_init_with_lock_num
                0x100012b0       0x14 CMakeFiles/pico_teste.dir/C_/VSARM/sdk/pico/pico-sdk/src/common/pico_sync/critical_section.c.obj
                0x100012b0                critical_section_init_with_lock_num
 .text.critical_section_init
                0x100012c4       0x14 CMakeFiles/pico_teste.dir/C_/VSARM/sdk/pico/pico-sdk/src/common/pico_sync/critical_section.c.obj
                0x100012c4                critical_section_init
 .text.ph_add_child_node
                0x100012d8       0xa4 CMakeFiles/pico_teste.dir/C_/VSARM/sdk/pico/pico-sdk/src/common/pico_util/pheap.c.obj
 .text.ph_merge_nodes
                0x1000137c       0x3e CMakeFiles/pico_teste.dir/C_/VSARM/sdk/pico/pico-sdk/src/common/pico_util/pheap.c.obj
 *fill*         0x100013ba        0x2 
 .text.ph_clear
                0x100013bc       0x70 CMakeFiles/pico_teste.dir/C_/VSARM/sdk/pico/pico-sdk/src/common/pico_util/pheap.c.obj
                0x100013bc                ph_clear
 .text.ph_post_alloc_init
                0x1000142c        0xe CMakeFiles/pico_teste.dir/C_/VSARM/sdk/pico/pico-sdk/src/common/pico_util/pheap.c.obj
                0x1000142c                ph_post_alloc_init
 *fill*         0x1000143a        0x2 
 .text.ph_merge_two_pass
                0x1000143c       0xa8 CMakeFiles/pico_teste.dir/C_/VSARM/sdk/pico/pico-sdk/src/common/pico_util/pheap.c.obj
                0x1000143c                ph_merge_two_pass
 .text.ph_remove_any_head
                0x100014e4      0x108 CMakeFiles/pico_teste.dir/C_/VSARM/sdk/pico/pico-sdk/src/common/pico_util/pheap.c.obj
 .text.ph_remove_head
                0x100015ec       0x14 CMakeFiles/pico_teste.dir/C_/VSARM/sdk/pico/pico-sdk/src/common/pico_util/pheap.c.obj
                0x100015ec                ph_remove_head
 .text.ph_remove_and_free_node
                0x10001600       0xf8 CMakeFiles/pico_teste.dir/C_/VSARM/sdk/pico/pico-sdk/src/common/pico_util/pheap.c.obj
                0x10001600                ph_remove_and_free_node
 .text._exit    0x100016f8        0x4 CMakeFiles/pico_teste.dir/C_/VSARM/sdk/pico/pico-sdk/src/rp2_common/pico_runtime/runtime.c.obj
                0x100016f8                _exit
 .text.exit     0x100016fc        0x6 CMakeFiles/pico_teste.dir/C_/VSARM/sdk/pico/pico-sdk/src/rp2_common/pico_runtime/runtime.c.obj
                0x100016fc                exit
 *fill*         0x10001702        0x2 
 .text.__assert_func
                0x10001704       0x3c CMakeFiles/pico_teste.dir/C_/VSARM/sdk/pico/pico-sdk/src/rp2_common/pico_runtime/runtime.c.obj
                0x10001704                __assert_func
 .text.runtime_init
                0x10001740       0xf8 CMakeFiles/pico_teste.dir/C_/VSARM/sdk/pico/pico-sdk/src/rp2_common/pico_runtime/runtime.c.obj
                0x10001740                runtime_init
 .text.panic    0x10001838       0x30 CMakeFiles/pico_teste.dir/C_/VSARM/sdk/pico/pico-sdk/src/rp2_common/pico_runtime/runtime.c.obj
                0x10001838                panic
 .text.clock_configure
                0x10001868      0x104 CMakeFiles/pico_teste.dir/C_/VSARM/sdk/pico/pico-sdk/src/rp2_common/hardware_clocks/clocks.c.obj
                0x10001868                clock_configure
 .text.clocks_init
                0x1000196c      0x100 CMakeFiles/pico_teste.dir/C_/VSARM/sdk/pico/pico-sdk/src/rp2_common/hardware_clocks/clocks.c.obj
                0x1000196c                clocks_init
 .text.set_raw_irq_handler_and_unlock
                0x10001a6c       0x28 CMakeFiles/pico_teste.dir/C_/VSARM/sdk/pico/pico-sdk/src/rp2_common/hardware_irq/irq.c.obj
 .text.make_branch
                0x10001a94       0x34 CMakeFiles/pico_teste.dir/C_/VSARM/sdk/pico/pico-sdk/src/rp2_common/hardware_irq/irq.c.obj
 .text.insert_branch_and_link
                0x10001ac8       0x40 CMakeFiles/pico_teste.dir/C_/VSARM/sdk/pico/pico-sdk/src/rp2_common/hardware_irq/irq.c.obj
 .text.irq_is_enabled
                0x10001b08       0x18 CMakeFiles/pico_teste.dir/C_/VSARM/sdk/pico/pico-sdk/src/rp2_common/hardware_irq/irq.c.obj
                0x10001b08                irq_is_enabled
 .text.irq_set_mask_enabled
                0x10001b20       0x20 CMakeFiles/pico_teste.dir/C_/VSARM/sdk/pico/pico-sdk/src/rp2_common/hardware_irq/irq.c.obj
                0x10001b20                irq_set_mask_enabled
 .text.irq_set_enabled
                0x10001b40        0xe CMakeFiles/pico_teste.dir/C_/VSARM/sdk/pico/pico-sdk/src/rp2_common/hardware_irq/irq.c.obj
                0x10001b40                irq_set_enabled
 *fill*         0x10001b4e        0x2 
 .text.irq_set_pending
                0x10001b50       0x10 CMakeFiles/pico_teste.dir/C_/VSARM/sdk/pico/pico-sdk/src/rp2_common/hardware_irq/irq.c.obj
                0x10001b50                irq_set_pending
 .text.irq_get_vtable_handler
                0x10001b60       0x10 CMakeFiles/pico_teste.dir/C_/VSARM/sdk/pico/pico-sdk/src/rp2_common/hardware_irq/irq.c.obj
                0x10001b60                irq_get_vtable_handler
 .text.irq_set_exclusive_handler
                0x10001b70       0x54 CMakeFiles/pico_teste.dir/C_/VSARM/sdk/pico/pico-sdk/src/rp2_common/hardware_irq/irq.c.obj
                0x10001b70                irq_set_exclusive_handler
 .text.irq_remove_handler
                0x10001bc4      0x1ac CMakeFiles/pico_teste.dir/C_/VSARM/sdk/pico/pico-sdk/src/rp2_common/hardware_irq/irq.c.obj
                0x10001bc4                irq_remove_handler
 .text.irq_add_tail_to_free_list
                0x10001d70       0xf0 CMakeFiles/pico_teste.dir/C_/VSARM/sdk/pico/pico-sdk/src/rp2_common/hardware_irq/irq.c.obj
                0x10001d70                irq_add_tail_to_free_list
 .text.irq_init_priorities
                0x10001e60       0x1c CMakeFiles/pico_teste.dir/C_/VSARM/sdk/pico/pico-sdk/src/rp2_common/hardware_irq/irq.c.obj
                0x10001e60                irq_init_priorities
 .text.pll_init
                0x10001e7c      0x118 CMakeFiles/pico_teste.dir/C_/VSARM/sdk/pico/pico-sdk/src/rp2_common/hardware_pll/pll.c.obj
                0x10001e7c                pll_init
 .text.watchdog_start_tick
                0x10001f94       0x10 CMakeFiles/pico_teste.dir/C_/VSARM/sdk/pico/pico-sdk/src/rp2_common/hardware_watchdog/watchdog.c.obj
                0x10001f94                watchdog_start_tick
 .text.watchdog_update
                0x10001fa4       0x14 CMakeFiles/pico_teste.dir/C_/VSARM/sdk/pico/pico-sdk/src/rp2_common/hardware_watchdog/watchdog.c.obj
                0x10001fa4                watchdog_update
 .text._watchdog_enable
                0x10001fb8       0x78 CMakeFiles/pico_teste.dir/C_/VSARM/sdk/pico/pico-sdk/src/rp2_common/hardware_watchdog/watchdog.c.obj
                0x10001fb8                _watchdog_enable
 .text.watchdog_reboot
                0x10002030       0x48 CMakeFiles/pico_teste.dir/C_/VSARM/sdk/pico/pico-sdk/src/rp2_common/hardware_watchdog/watchdog.c.obj
                0x10002030                watchdog_reboot
 .text.xosc_init
                0x10002078       0x28 CMakeFiles/pico_teste.dir/C_/VSARM/sdk/pico/pico-sdk/src/rp2_common/hardware_xosc/xosc.c.obj
                0x10002078                xosc_init
 .text._out_null
                0x100020a0        0x2 CMakeFiles/pico_teste.dir/C_/VSARM/sdk/pico/pico-sdk/src/rp2_common/pico_printf/printf.c.obj
 .text._out_fct
                0x100020a2        0xe CMakeFiles/pico_teste.dir/C_/VSARM/sdk/pico/pico-sdk/src/rp2_common/pico_printf/printf.c.obj
 .text._atoi    0x100020b0       0x24 CMakeFiles/pico_teste.dir/C_/VSARM/sdk/pico/pico-sdk/src/rp2_common/pico_printf/printf.c.obj
 .text._out_rev
                0x100020d4       0xae CMakeFiles/pico_teste.dir/C_/VSARM/sdk/pico/pico-sdk/src/rp2_common/pico_printf/printf.c.obj
 .text._ntoa_format
                0x10002182      0x112 CMakeFiles/pico_teste.dir/C_/VSARM/sdk/pico/pico-sdk/src/rp2_common/pico_printf/printf.c.obj
 .text._ntoa_long
                0x10002294       0xbc CMakeFiles/pico_teste.dir/C_/VSARM/sdk/pico/pico-sdk/src/rp2_common/pico_printf/printf.c.obj
 .text._ntoa_long_long
                0x10002350       0xe2 CMakeFiles/pico_teste.dir/C_/VSARM/sdk/pico/pico-sdk/src/rp2_common/pico_printf/printf.c.obj
 *fill*         0x10002432        0x2 
 .text._etoa    0x10002434      0x414 CMakeFiles/pico_teste.dir/C_/VSARM/sdk/pico/pico-sdk/src/rp2_common/pico_printf/printf.c.obj
 .text._ftoa    0x10002848      0x354 CMakeFiles/pico_teste.dir/C_/VSARM/sdk/pico/pico-sdk/src/rp2_common/pico_printf/printf.c.obj
 .text._vsnprintf
                0x10002b9c      0x624 CMakeFiles/pico_teste.dir/C_/VSARM/sdk/pico/pico-sdk/src/rp2_common/pico_printf/printf.c.obj
 .text.vfctprintf
                0x100031c0       0x20 CMakeFiles/pico_teste.dir/C_/VSARM/sdk/pico/pico-sdk/src/rp2_common/pico_printf/printf.c.obj
                0x100031c0                vfctprintf
 .text          0x100031e0       0x10 CMakeFiles/pico_teste.dir/C_/VSARM/sdk/pico/pico-sdk/src/rp2_common/pico_bit_ops/bit_ops_aeabi.S.obj
 .text.rom_func_lookup
                0x100031f0       0x10 CMakeFiles/pico_teste.dir/C_/VSARM/sdk/pico/pico-sdk/src/rp2_common/pico_bootrom/bootrom.c.obj
                0x100031f0                rom_func_lookup
 .text.rom_data_lookup
                0x10003200       0x10 CMakeFiles/pico_teste.dir/C_/VSARM/sdk/pico/pico-sdk/src/rp2_common/pico_bootrom/bootrom.c.obj
                0x10003200                rom_data_lookup
 .text.rom_funcs_lookup
                0x10003210       0x36 CMakeFiles/pico_teste.dir/C_/VSARM/sdk/pico/pico-sdk/src/rp2_common/pico_bootrom/bootrom.c.obj
                0x10003210                rom_funcs_lookup
 *fill*         0x10003246        0x2 
 .text.__wrap___aeabi_idiv
                0x10003248       0x50 CMakeFiles/pico_teste.dir/C_/VSARM/sdk/pico/pico-sdk/src/rp2_common/pico_divider/divider.S.obj
                0x10003248                __wrap___aeabi_idivmod
                0x10003248                divmod_s32s32
                0x10003248                div_s32s32
                0x10003248                __wrap___aeabi_idiv
                0x10003250                divmod_s32s32_unsafe
                0x1000327c                divmod_s32s32_savestate
 .text.__wrap___aeabi_uidiv
                0x10003298       0x4c CMakeFiles/pico_teste.dir/C_/VSARM/sdk/pico/pico-sdk/src/rp2_common/pico_divider/divider.S.obj
                0x10003298                __wrap___aeabi_uidiv
                0x10003298                __wrap___aeabi_uidivmod
                0x10003298                div_u32u32
                0x10003298                divmod_u32u32
                0x100032a0                divmod_u32u32_unsafe
                0x100032c8                divmod_u32u32_savestate
 .text.__wrap___aeabi_ldiv
                0x100032e4      0x434 CMakeFiles/pico_teste.dir/C_/VSARM/sdk/pico/pico-sdk/src/rp2_common/pico_divider/divider.S.obj
                0x100032e4                div_s64s64
                0x100032e4                divmod_s64s64
                0x100032e4                __wrap___aeabi_ldivmod
                0x1000331c                divmod_u64u64
                0x1000331c                div_u64u64
                0x1000331c                __wrap___aeabi_uldivmod
                0x1000332c                divmod_u64u64_savestate
                0x10003354                divmod_s64s64_unsafe
                0x100033dc                divmod_u64u64_unsafe
 .text.__wrap___aeabi_darithmetic
                0x10003718       0x80 CMakeFiles/pico_teste.dir/C_/VSARM/sdk/pico/pico-sdk/src/rp2_common/pico_double/double_aeabi.S.obj
                0x10003718                __wrap___aeabi_drsub
                0x1000371e                __wrap___aeabi_dsub
                0x10003730                __wrap___aeabi_dadd
                0x10003742                __wrap___aeabi_ddiv
                0x1000377e                __wrap___aeabi_dmul
 .text.__wrap___aeabi_cdcmple
                0x10003798       0x6c CMakeFiles/pico_teste.dir/C_/VSARM/sdk/pico/pico-sdk/src/rp2_common/pico_double/double_aeabi.S.obj
                0x10003798                __wrap___aeabi_cdrcmple
                0x100037a8                __wrap___aeabi_cdcmpeq
                0x100037a8                __wrap___aeabi_cdcmple
 .text.__wrap___aeabi_dcmplt
                0x10003804        0xc CMakeFiles/pico_teste.dir/C_/VSARM/sdk/pico/pico-sdk/src/rp2_common/pico_double/double_aeabi.S.obj
                0x10003804                __wrap___aeabi_dcmplt
 .text.__wrap___aeabi_dcmple
                0x10003810       0x10 CMakeFiles/pico_teste.dir/C_/VSARM/sdk/pico/pico-sdk/src/rp2_common/pico_double/double_aeabi.S.obj
                0x10003810                __wrap___aeabi_dcmple
 .text.__wrap___aeabi_dcmpge
                0x10003820       0x10 CMakeFiles/pico_teste.dir/C_/VSARM/sdk/pico/pico-sdk/src/rp2_common/pico_double/double_aeabi.S.obj
                0x10003820                __wrap___aeabi_dcmpge
 .text.__wrap___aeabi_dcmpgt
                0x10003830        0xa CMakeFiles/pico_teste.dir/C_/VSARM/sdk/pico/pico-sdk/src/rp2_common/pico_double/double_aeabi.S.obj
                0x10003830                __wrap___aeabi_dcmpgt
 .text.__wrap___aeabi_dcmpun
                0x1000383a       0x1c CMakeFiles/pico_teste.dir/C_/VSARM/sdk/pico/pico-sdk/src/rp2_common/pico_double/double_aeabi.S.obj
                0x1000383a                __wrap___aeabi_dcmpun
 *fill*         0x10003856        0x2 
 .text.__wrap___aeabi_i2d
                0x10003858       0x38 CMakeFiles/pico_teste.dir/C_/VSARM/sdk/pico/pico-sdk/src/rp2_common/pico_double/double_aeabi.S.obj
                0x10003858                __wrap___aeabi_ui2d
                0x10003860                __wrap___aeabi_i2d
 .text.__wrap___aeabi_d2iz
                0x10003890       0x48 CMakeFiles/pico_teste.dir/C_/VSARM/sdk/pico/pico-sdk/src/rp2_common/pico_double/double_aeabi.S.obj
                0x10003890                double2int_z
                0x10003890                __wrap___aeabi_d2iz
 .text.__wrap___aeabi_d2uiz
                0x100038d8       0x18 CMakeFiles/pico_teste.dir/C_/VSARM/sdk/pico/pico-sdk/src/rp2_common/pico_double/double_aeabi.S.obj
                0x100038d8                __wrap___aeabi_d2uiz
                0x100038d8                double2uint
 .text.__aeabi_double_init
                0x100038f0       0xc8 CMakeFiles/pico_teste.dir/C_/VSARM/sdk/pico/pico-sdk/src/rp2_common/pico_double/double_init_rom.c.obj
                0x100038f0                __aeabi_double_init
 .text.double_table_shim_on_use_helper
                0x100039b8       0x34 CMakeFiles/pico_teste.dir/C_/VSARM/sdk/pico/pico-sdk/src/rp2_common/pico_double/double_v1_rom_shim.S.obj
                0x100039b8                double_table_shim_on_use_helper
 .text.__wrap___aeabi_dsub
                0x100039ec       0x10 CMakeFiles/pico_teste.dir/C_/VSARM/sdk/pico/pico-sdk/src/rp2_common/pico_double/double_v1_rom_shim.S.obj
                0x100039ec                drsub_shim
                0x100039f2                dsub_shim
 .text.dadd_shim
                0x100039fc      0x15c CMakeFiles/pico_teste.dir/C_/VSARM/sdk/pico/pico-sdk/src/rp2_common/pico_double/double_v1_rom_shim.S.obj
                0x100039fc                dadd_shim
 .text.dmul_shim
                0x10003b58      0x15c CMakeFiles/pico_teste.dir/C_/VSARM/sdk/pico/pico-sdk/src/rp2_common/pico_double/double_v1_rom_shim.S.obj
                0x10003b58                dmul_shim
 .text.ddiv_shim
                0x10003cb4      0x1b0 CMakeFiles/pico_teste.dir/C_/VSARM/sdk/pico/pico-sdk/src/rp2_common/pico_double/double_v1_rom_shim.S.obj
                0x10003cb4                ddiv_shim
 .text.double2uint_shim
                0x10003e64        0xe CMakeFiles/pico_teste.dir/C_/VSARM/sdk/pico/pico-sdk/src/rp2_common/pico_double/double_v1_rom_shim.S.obj
                0x10003e64                double2uint_shim
                0x10003e66                double2ufix_shim
 *fill*         0x10003e72        0x2 
 .text.double2uint64_shim
                0x10003e74       0x70 CMakeFiles/pico_teste.dir/C_/VSARM/sdk/pico/pico-sdk/src/rp2_common/pico_double/double_v1_rom_shim.S.obj
                0x10003e74                double2uint64_shim
                0x10003e76                double2ufix64_shim
                0x10003e96                d2fix_a
 .text.dunpacks
                0x10003ee4       0x3c CMakeFiles/pico_teste.dir/C_/VSARM/sdk/pico/pico-sdk/src/rp2_common/pico_double/double_v1_rom_shim.S.obj
                0x10003ee4                dunpacks
 .text.__aeabi_lmul
                0x10003f20       0x32 CMakeFiles/pico_teste.dir/C_/VSARM/sdk/pico/pico-sdk/src/rp2_common/pico_int64_ops/pico_int64_ops_aeabi.S.obj
                0x10003f20                __wrap___aeabi_lmul
 *fill*         0x10003f52        0x2 
 .text.__aeabi_float_init
                0x10003f54       0xfc CMakeFiles/pico_teste.dir/C_/VSARM/sdk/pico/pico-sdk/src/rp2_common/pico_float/float_init_rom.c.obj
                0x10003f54                __aeabi_float_init
 .text.float_table_shim_on_use_helper
                0x10004050       0x34 CMakeFiles/pico_teste.dir/C_/VSARM/sdk/pico/pico-sdk/src/rp2_common/pico_float/float_v1_rom_shim.S.obj
                0x10004050                float_table_shim_on_use_helper
 .text          0x10004084       0x10 CMakeFiles/pico_teste.dir/C_/VSARM/sdk/pico/pico-sdk/src/rp2_common/pico_mem_ops/mem_ops_aeabi.S.obj
                0x10004084                __aeabi_mem_init
 .text.memset   0x10004094        0xc CMakeFiles/pico_teste.dir/C_/VSARM/sdk/pico/pico-sdk/src/rp2_common/pico_mem_ops/mem_ops_aeabi.S.obj
                0x10004094                __wrap_memset
 .text.memcpy   0x100040a0        0xc CMakeFiles/pico_teste.dir/C_/VSARM/sdk/pico/pico-sdk/src/rp2_common/pico_mem_ops/mem_ops_aeabi.S.obj
                0x100040a0                __wrap_memcpy
                0x100040a0                __wrap___aeabi_memcpy
 .text.stdio_out_chars_no_crlf
                0x100040ac        0xe CMakeFiles/pico_teste.dir/C_/VSARM/sdk/pico/pico-sdk/src/rp2_common/pico_stdio/stdio.c.obj
 *fill*         0x100040ba        0x2 
 .text.stdio_out_chars_crlf
                0x100040bc       0x80 CMakeFiles/pico_teste.dir/C_/VSARM/sdk/pico/pico-sdk/src/rp2_common/pico_stdio/stdio.c.obj
 .text.stdio_stack_buffer_flush
                0x1000413c       0x44 CMakeFiles/pico_teste.dir/C_/VSARM/sdk/pico/pico-sdk/src/rp2_common/pico_stdio/stdio.c.obj
 .text.stdio_buffered_printer
                0x10004180       0x20 CMakeFiles/pico_teste.dir/C_/VSARM/sdk/pico/pico-sdk/src/rp2_common/pico_stdio/stdio.c.obj
 .text.stdout_serialize_begin
                0x100041a0       0x30 CMakeFiles/pico_teste.dir/C_/VSARM/sdk/pico/pico-sdk/src/rp2_common/pico_stdio/stdio.c.obj
                0x100041a0                stdout_serialize_begin
 .text.stdout_serialize_end
                0x100041d0       0x10 CMakeFiles/pico_teste.dir/C_/VSARM/sdk/pico/pico-sdk/src/rp2_common/pico_stdio/stdio.c.obj
                0x100041d0                stdout_serialize_end
 .text.stdio_put_string
                0x100041e0       0x98 CMakeFiles/pico_teste.dir/C_/VSARM/sdk/pico/pico-sdk/src/rp2_common/pico_stdio/stdio.c.obj
 .text.stdio_set_driver_enabled
                0x10004278       0x38 CMakeFiles/pico_teste.dir/C_/VSARM/sdk/pico/pico-sdk/src/rp2_common/pico_stdio/stdio.c.obj
                0x10004278                stdio_set_driver_enabled
 .text.stdio_flush
                0x100042b0       0x20 CMakeFiles/pico_teste.dir/C_/VSARM/sdk/pico/pico-sdk/src/rp2_common/pico_stdio/stdio.c.obj
                0x100042b0                stdio_flush
 .text.__wrap_puts
                0x100042d0       0x1e CMakeFiles/pico_teste.dir/C_/VSARM/sdk/pico/pico-sdk/src/rp2_common/pico_stdio/stdio.c.obj
                0x100042d0                __wrap_puts
 *fill*         0x100042ee        0x2 
 .text.__wrap_vprintf
                0x100042f0       0x44 CMakeFiles/pico_teste.dir/C_/VSARM/sdk/pico/pico-sdk/src/rp2_common/pico_stdio/stdio.c.obj
                0x100042f0                __wrap_vprintf
 .text.__wrap_printf
                0x10004334       0x18 CMakeFiles/pico_teste.dir/C_/VSARM/sdk/pico/pico-sdk/src/rp2_common/pico_stdio/stdio.c.obj
                0x10004334                __wrap_printf
 .text.stdio_init_all
                0x1000434c        0x8 CMakeFiles/pico_teste.dir/C_/VSARM/sdk/pico/pico-sdk/src/rp2_common/pico_stdio/stdio.c.obj
                0x1000434c                stdio_init_all
 .text.resetd_init
                0x10004354        0x2 CMakeFiles/pico_teste.dir/C_/VSARM/sdk/pico/pico-sdk/src/rp2_common/pico_stdio_usb/reset_interface.c.obj
 *fill*         0x10004356        0x2 
 .text.resetd_reset
                0x10004358        0xc CMakeFiles/pico_teste.dir/C_/VSARM/sdk/pico/pico-sdk/src/rp2_common/pico_stdio_usb/reset_interface.c.obj
 .text.resetd_open
                0x10004364       0x34 CMakeFiles/pico_teste.dir/C_/VSARM/sdk/pico/pico-sdk/src/rp2_common/pico_stdio_usb/reset_interface.c.obj
 .text.resetd_xfer_cb
                0x10004398        0x4 CMakeFiles/pico_teste.dir/C_/VSARM/sdk/pico/pico-sdk/src/rp2_common/pico_stdio_usb/reset_interface.c.obj
 .text.reset_usb_boot
                0x1000439c       0x18 CMakeFiles/pico_teste.dir/C_/VSARM/sdk/pico/pico-sdk/src/rp2_common/pico_stdio_usb/reset_interface.c.obj
 .text.resetd_control_xfer_cb
                0x100043b4       0x5c CMakeFiles/pico_teste.dir/C_/VSARM/sdk/pico/pico-sdk/src/rp2_common/pico_stdio_usb/reset_interface.c.obj
 .text.usbd_app_driver_get_cb
                0x10004410        0xc CMakeFiles/pico_teste.dir/C_/VSARM/sdk/pico/pico-sdk/src/rp2_common/pico_stdio_usb/reset_interface.c.obj
                0x10004410                usbd_app_driver_get_cb
 .text.tud_cdc_line_coding_cb
                0x1000441c       0x28 CMakeFiles/pico_teste.dir/C_/VSARM/sdk/pico/pico-sdk/src/rp2_common/pico_stdio_usb/reset_interface.c.obj
                0x1000441c                tud_cdc_line_coding_cb
 .text.stdio_usb_in_chars
                0x10004444       0x70 CMakeFiles/pico_teste.dir/C_/VSARM/sdk/pico/pico-sdk/src/rp2_common/pico_stdio_usb/stdio_usb.c.obj
                0x10004444                stdio_usb_in_chars
 .text.low_priority_worker_irq
                0x100044b4       0x20 CMakeFiles/pico_teste.dir/C_/VSARM/sdk/pico/pico-sdk/src/rp2_common/pico_stdio_usb/stdio_usb.c.obj
 .text.stdio_usb_out_chars
                0x100044d4       0xd4 CMakeFiles/pico_teste.dir/C_/VSARM/sdk/pico/pico-sdk/src/rp2_common/pico_stdio_usb/stdio_usb.c.obj
 .text.timer_task
                0x100045a8       0x10 CMakeFiles/pico_teste.dir/C_/VSARM/sdk/pico/pico-sdk/src/rp2_common/pico_stdio_usb/stdio_usb.c.obj
 .text.stdio_usb_init
                0x100045b8       0xb8 CMakeFiles/pico_teste.dir/C_/VSARM/sdk/pico/pico-sdk/src/rp2_common/pico_stdio_usb/stdio_usb.c.obj
                0x100045b8                stdio_usb_init
 .text.tud_descriptor_device_cb
                0x10004670        0x8 CMakeFiles/pico_teste.dir/C_/VSARM/sdk/pico/pico-sdk/src/rp2_common/pico_stdio_usb/stdio_usb_descriptors.c.obj
                0x10004670                tud_descriptor_device_cb
 .text.tud_descriptor_configuration_cb
                0x10004678        0x8 CMakeFiles/pico_teste.dir/C_/VSARM/sdk/pico/pico-sdk/src/rp2_common/pico_stdio_usb/stdio_usb_descriptors.c.obj
                0x10004678                tud_descriptor_configuration_cb
 .text.tud_descriptor_string_cb
                0x10004680       0x6c CMakeFiles/pico_teste.dir/C_/VSARM/sdk/pico/pico-sdk/src/rp2_common/pico_stdio_usb/stdio_usb_descriptors.c.obj
                0x10004680                tud_descriptor_string_cb
 .text.hw_endpoint_get_by_addr
                0x100046ec       0x18 CMakeFiles/pico_teste.dir/C_/VSARM/sdk/pico/pico-sdk/lib/tinyusb/src/portable/raspberrypi/rp2040/dcd_rp2040.c.obj
 .text.reset_ep0_pid
                0x10004704       0x28 CMakeFiles/pico_teste.dir/C_/VSARM/sdk/pico/pico-sdk/lib/tinyusb/src/portable/raspberrypi/rp2040/dcd_rp2040.c.obj
 .text._hw_endpoint_alloc
                0x1000472c       0x70 CMakeFiles/pico_teste.dir/C_/VSARM/sdk/pico/pico-sdk/lib/tinyusb/src/portable/raspberrypi/rp2040/dcd_rp2040.c.obj
 .text.hw_endpoint_init
                0x1000479c       0x88 CMakeFiles/pico_teste.dir/C_/VSARM/sdk/pico/pico-sdk/lib/tinyusb/src/portable/raspberrypi/rp2040/dcd_rp2040.c.obj
 .text.reset_non_control_endpoints
                0x10004824       0x40 CMakeFiles/pico_teste.dir/C_/VSARM/sdk/pico/pico-sdk/lib/tinyusb/src/portable/raspberrypi/rp2040/dcd_rp2040.c.obj
 .text.hw_handle_buff_status
                0x10004864       0x8c CMakeFiles/pico_teste.dir/C_/VSARM/sdk/pico/pico-sdk/lib/tinyusb/src/portable/raspberrypi/rp2040/dcd_rp2040.c.obj
 .text.dcd_rp2040_irq
                0x100048f0       0xc0 CMakeFiles/pico_teste.dir/C_/VSARM/sdk/pico/pico-sdk/lib/tinyusb/src/portable/raspberrypi/rp2040/dcd_rp2040.c.obj
 .text.hw_endpoint_xfer
                0x100049b0       0x14 CMakeFiles/pico_teste.dir/C_/VSARM/sdk/pico/pico-sdk/lib/tinyusb/src/portable/raspberrypi/rp2040/dcd_rp2040.c.obj
 .text.dcd_int_enable
                0x100049c4       0x2c CMakeFiles/pico_teste.dir/C_/VSARM/sdk/pico/pico-sdk/lib/tinyusb/src/portable/raspberrypi/rp2040/dcd_rp2040.c.obj
                0x100049c4                dcd_int_enable
 .text.dcd_set_address
                0x100049f0       0x2c CMakeFiles/pico_teste.dir/C_/VSARM/sdk/pico/pico-sdk/lib/tinyusb/src/portable/raspberrypi/rp2040/dcd_rp2040.c.obj
                0x100049f0                dcd_set_address
 .text.dcd_connect
                0x10004a1c       0x10 CMakeFiles/pico_teste.dir/C_/VSARM/sdk/pico/pico-sdk/lib/tinyusb/src/portable/raspberrypi/rp2040/dcd_rp2040.c.obj
                0x10004a1c                dcd_connect
 .text.dcd_init
                0x10004a2c       0x7c CMakeFiles/pico_teste.dir/C_/VSARM/sdk/pico/pico-sdk/lib/tinyusb/src/portable/raspberrypi/rp2040/dcd_rp2040.c.obj
                0x10004a2c                dcd_init
 .text.dcd_edpt0_status_complete
                0x10004aa8       0x1c CMakeFiles/pico_teste.dir/C_/VSARM/sdk/pico/pico-sdk/lib/tinyusb/src/portable/raspberrypi/rp2040/dcd_rp2040.c.obj
                0x10004aa8                dcd_edpt0_status_complete
 .text.dcd_edpt_open
                0x10004ac4       0x40 CMakeFiles/pico_teste.dir/C_/VSARM/sdk/pico/pico-sdk/lib/tinyusb/src/portable/raspberrypi/rp2040/dcd_rp2040.c.obj
                0x10004ac4                dcd_edpt_open
 .text.dcd_edpt_close_all
                0x10004b04        0x8 CMakeFiles/pico_teste.dir/C_/VSARM/sdk/pico/pico-sdk/lib/tinyusb/src/portable/raspberrypi/rp2040/dcd_rp2040.c.obj
                0x10004b04                dcd_edpt_close_all
 .text.dcd_edpt_xfer
                0x10004b0c       0x30 CMakeFiles/pico_teste.dir/C_/VSARM/sdk/pico/pico-sdk/lib/tinyusb/src/portable/raspberrypi/rp2040/dcd_rp2040.c.obj
                0x10004b0c                dcd_edpt_xfer
 .text.dcd_edpt_stall
                0x10004b3c       0x2c CMakeFiles/pico_teste.dir/C_/VSARM/sdk/pico/pico-sdk/lib/tinyusb/src/portable/raspberrypi/rp2040/dcd_rp2040.c.obj
                0x10004b3c                dcd_edpt_stall
 .text.dcd_edpt_clear_stall
                0x10004b68       0x20 CMakeFiles/pico_teste.dir/C_/VSARM/sdk/pico/pico-sdk/lib/tinyusb/src/portable/raspberrypi/rp2040/dcd_rp2040.c.obj
                0x10004b68                dcd_edpt_clear_stall
 .text.prepare_ep_buffer
                0x10004b88       0x70 CMakeFiles/pico_teste.dir/C_/VSARM/sdk/pico/pico-sdk/lib/tinyusb/src/portable/raspberrypi/rp2040/rp2040_usb.c.obj
 .text.sync_ep_buffer
                0x10004bf8       0x7c CMakeFiles/pico_teste.dir/C_/VSARM/sdk/pico/pico-sdk/lib/tinyusb/src/portable/raspberrypi/rp2040/rp2040_usb.c.obj
 .text._hw_endpoint_xfer_sync
                0x10004c74       0x28 CMakeFiles/pico_teste.dir/C_/VSARM/sdk/pico/pico-sdk/lib/tinyusb/src/portable/raspberrypi/rp2040/rp2040_usb.c.obj
 .text.rp2040_usb_init
                0x10004c9c       0x4c CMakeFiles/pico_teste.dir/C_/VSARM/sdk/pico/pico-sdk/lib/tinyusb/src/portable/raspberrypi/rp2040/rp2040_usb.c.obj
                0x10004c9c                rp2040_usb_init
 .text.hw_endpoint_reset_transfer
                0x10004ce8        0xc CMakeFiles/pico_teste.dir/C_/VSARM/sdk/pico/pico-sdk/lib/tinyusb/src/portable/raspberrypi/rp2040/rp2040_usb.c.obj
                0x10004ce8                hw_endpoint_reset_transfer
 .text._hw_endpoint_buffer_control_update32
                0x10004cf4       0x58 CMakeFiles/pico_teste.dir/C_/VSARM/sdk/pico/pico-sdk/lib/tinyusb/src/portable/raspberrypi/rp2040/rp2040_usb.c.obj
                0x10004cf4                _hw_endpoint_buffer_control_update32
 .text._hw_endpoint_start_next_buffer
                0x10004d4c       0x74 CMakeFiles/pico_teste.dir/C_/VSARM/sdk/pico/pico-sdk/lib/tinyusb/src/portable/raspberrypi/rp2040/rp2040_usb.c.obj
 .text.hw_endpoint_xfer_start
                0x10004dc0       0x48 CMakeFiles/pico_teste.dir/C_/VSARM/sdk/pico/pico-sdk/lib/tinyusb/src/portable/raspberrypi/rp2040/rp2040_usb.c.obj
                0x10004dc0                hw_endpoint_xfer_start
 .text.hw_endpoint_xfer_continue
                0x10004e08       0x38 CMakeFiles/pico_teste.dir/C_/VSARM/sdk/pico/pico-sdk/lib/tinyusb/src/portable/raspberrypi/rp2040/rp2040_usb.c.obj
                0x10004e08                hw_endpoint_xfer_continue
 .text.configuration_reset
                0x10004e40       0x84 CMakeFiles/pico_teste.dir/C_/VSARM/sdk/pico/pico-sdk/lib/tinyusb/src/device/usbd.c.obj
 .text.usbd_reset
                0x10004ec4        0xc CMakeFiles/pico_teste.dir/C_/VSARM/sdk/pico/pico-sdk/lib/tinyusb/src/device/usbd.c.obj
 .text.invoke_class_control
                0x10004ed0       0x1a CMakeFiles/pico_teste.dir/C_/VSARM/sdk/pico/pico-sdk/lib/tinyusb/src/device/usbd.c.obj
 *fill*         0x10004eea        0x2 
 .text.process_set_config
                0x10004eec      0x1b0 CMakeFiles/pico_teste.dir/C_/VSARM/sdk/pico/pico-sdk/lib/tinyusb/src/device/usbd.c.obj
 .text.process_get_descriptor
                0x1000509c       0xec CMakeFiles/pico_teste.dir/C_/VSARM/sdk/pico/pico-sdk/lib/tinyusb/src/device/usbd.c.obj
 .text.tud_mounted
                0x10005188       0x10 CMakeFiles/pico_teste.dir/C_/VSARM/sdk/pico/pico-sdk/lib/tinyusb/src/device/usbd.c.obj
                0x10005188                tud_mounted
 .text.tud_suspended
                0x10005198       0x10 CMakeFiles/pico_teste.dir/C_/VSARM/sdk/pico/pico-sdk/lib/tinyusb/src/device/usbd.c.obj
                0x10005198                tud_suspended
 .text.tud_inited
                0x100051a8        0xc CMakeFiles/pico_teste.dir/C_/VSARM/sdk/pico/pico-sdk/lib/tinyusb/src/device/usbd.c.obj
                0x100051a8                tud_inited
 .text.tud_init
                0x100051b4       0xcc CMakeFiles/pico_teste.dir/C_/VSARM/sdk/pico/pico-sdk/lib/tinyusb/src/device/usbd.c.obj
                0x100051b4                tud_init
 .text.dcd_event_handler
                0x10005280      0x1e0 CMakeFiles/pico_teste.dir/C_/VSARM/sdk/pico/pico-sdk/lib/tinyusb/src/device/usbd.c.obj
                0x10005280                dcd_event_handler
 .text.dcd_event_bus_signal
                0x10005460       0x26 CMakeFiles/pico_teste.dir/C_/VSARM/sdk/pico/pico-sdk/lib/tinyusb/src/device/usbd.c.obj
                0x10005460                dcd_event_bus_signal
 .text.dcd_event_bus_reset
                0x10005486       0x2a CMakeFiles/pico_teste.dir/C_/VSARM/sdk/pico/pico-sdk/lib/tinyusb/src/device/usbd.c.obj
                0x10005486                dcd_event_bus_reset
 .text.dcd_event_setup_received
                0x100054b0       0x34 CMakeFiles/pico_teste.dir/C_/VSARM/sdk/pico/pico-sdk/lib/tinyusb/src/device/usbd.c.obj
                0x100054b0                dcd_event_setup_received
 .text.dcd_event_xfer_complete
                0x100054e4       0x44 CMakeFiles/pico_teste.dir/C_/VSARM/sdk/pico/pico-sdk/lib/tinyusb/src/device/usbd.c.obj
                0x100054e4                dcd_event_xfer_complete
 .text.usbd_edpt_open
                0x10005528       0x58 CMakeFiles/pico_teste.dir/C_/VSARM/sdk/pico/pico-sdk/lib/tinyusb/src/device/usbd.c.obj
                0x10005528                usbd_edpt_open
 .text.usbd_open_edpt_pair
                0x10005580       0x8c CMakeFiles/pico_teste.dir/C_/VSARM/sdk/pico/pico-sdk/lib/tinyusb/src/device/usbd.c.obj
                0x10005580                usbd_open_edpt_pair
 .text.usbd_edpt_claim
                0x1000560c       0x8c CMakeFiles/pico_teste.dir/C_/VSARM/sdk/pico/pico-sdk/lib/tinyusb/src/device/usbd.c.obj
                0x1000560c                usbd_edpt_claim
 .text.usbd_edpt_release
                0x10005698       0x68 CMakeFiles/pico_teste.dir/C_/VSARM/sdk/pico/pico-sdk/lib/tinyusb/src/device/usbd.c.obj
                0x10005698                usbd_edpt_release
 .text.usbd_edpt_xfer
                0x10005700       0x80 CMakeFiles/pico_teste.dir/C_/VSARM/sdk/pico/pico-sdk/lib/tinyusb/src/device/usbd.c.obj
                0x10005700                usbd_edpt_xfer
 .text.usbd_edpt_stall
                0x10005780       0x40 CMakeFiles/pico_teste.dir/C_/VSARM/sdk/pico/pico-sdk/lib/tinyusb/src/device/usbd.c.obj
                0x10005780                usbd_edpt_stall
 .text.usbd_edpt_clear_stall
                0x100057c0       0x40 CMakeFiles/pico_teste.dir/C_/VSARM/sdk/pico/pico-sdk/lib/tinyusb/src/device/usbd.c.obj
                0x100057c0                usbd_edpt_clear_stall
 .text.usbd_edpt_stalled
                0x10005800       0x1c CMakeFiles/pico_teste.dir/C_/VSARM/sdk/pico/pico-sdk/lib/tinyusb/src/device/usbd.c.obj
                0x10005800                usbd_edpt_stalled
 .text.process_control_request
                0x1000581c      0x3b8 CMakeFiles/pico_teste.dir/C_/VSARM/sdk/pico/pico-sdk/lib/tinyusb/src/device/usbd.c.obj
 .text.tud_task
                0x10005bd4      0x218 CMakeFiles/pico_teste.dir/C_/VSARM/sdk/pico/pico-sdk/lib/tinyusb/src/device/usbd.c.obj
                0x10005bd4                tud_task
 .text._data_stage_xact
                0x10005dec       0x58 CMakeFiles/pico_teste.dir/C_/VSARM/sdk/pico/pico-sdk/lib/tinyusb/src/device/usbd_control.c.obj
 .text.tud_control_status
                0x10005e44       0x38 CMakeFiles/pico_teste.dir/C_/VSARM/sdk/pico/pico-sdk/lib/tinyusb/src/device/usbd_control.c.obj
                0x10005e44                tud_control_status
 .text.tud_control_xfer
                0x10005e7c       0xa8 CMakeFiles/pico_teste.dir/C_/VSARM/sdk/pico/pico-sdk/lib/tinyusb/src/device/usbd_control.c.obj
                0x10005e7c                tud_control_xfer
 .text.usbd_control_reset
                0x10005f24       0x14 CMakeFiles/pico_teste.dir/C_/VSARM/sdk/pico/pico-sdk/lib/tinyusb/src/device/usbd_control.c.obj
                0x10005f24                usbd_control_reset
 .text.usbd_control_set_complete_callback
                0x10005f38        0xc CMakeFiles/pico_teste.dir/C_/VSARM/sdk/pico/pico-sdk/lib/tinyusb/src/device/usbd_control.c.obj
                0x10005f38                usbd_control_set_complete_callback
 .text.usbd_control_set_request
                0x10005f44       0x1c CMakeFiles/pico_teste.dir/C_/VSARM/sdk/pico/pico-sdk/lib/tinyusb/src/device/usbd_control.c.obj
                0x10005f44                usbd_control_set_request
 .text.usbd_control_xfer_cb
                0x10005f60       0xfc CMakeFiles/pico_teste.dir/C_/VSARM/sdk/pico/pico-sdk/lib/tinyusb/src/device/usbd_control.c.obj
                0x10005f60                usbd_control_xfer_cb
 .text._prep_out_transaction
                0x1000605c       0x46 CMakeFiles/pico_teste.dir/C_/VSARM/sdk/pico/pico-sdk/lib/tinyusb/src/class/cdc/cdc_device.c.obj
 *fill*         0x100060a2        0x2 
 .text.tud_cdc_n_connected
                0x100060a4       0x44 CMakeFiles/pico_teste.dir/C_/VSARM/sdk/pico/pico-sdk/lib/tinyusb/src/class/cdc/cdc_device.c.obj
                0x100060a4                tud_cdc_n_connected
 .text.tud_cdc_n_available
                0x100060e8       0x18 CMakeFiles/pico_teste.dir/C_/VSARM/sdk/pico/pico-sdk/lib/tinyusb/src/class/cdc/cdc_device.c.obj
                0x100060e8                tud_cdc_n_available
 .text.tud_cdc_n_read
                0x10006100       0x28 CMakeFiles/pico_teste.dir/C_/VSARM/sdk/pico/pico-sdk/lib/tinyusb/src/class/cdc/cdc_device.c.obj
                0x10006100                tud_cdc_n_read
 .text.tud_cdc_n_write_flush
                0x10006128       0xcc CMakeFiles/pico_teste.dir/C_/VSARM/sdk/pico/pico-sdk/lib/tinyusb/src/class/cdc/cdc_device.c.obj
                0x10006128                tud_cdc_n_write_flush
 .text.tud_cdc_n_write
                0x100061f4       0x38 CMakeFiles/pico_teste.dir/C_/VSARM/sdk/pico/pico-sdk/lib/tinyusb/src/class/cdc/cdc_device.c.obj
                0x100061f4                tud_cdc_n_write
 .text.tud_cdc_n_write_available
                0x1000622c       0x1c CMakeFiles/pico_teste.dir/C_/VSARM/sdk/pico/pico-sdk/lib/tinyusb/src/class/cdc/cdc_device.c.obj
                0x1000622c                tud_cdc_n_write_available
 .text.cdcd_init
                0x10006248       0xbc CMakeFiles/pico_teste.dir/C_/VSARM/sdk/pico/pico-sdk/lib/tinyusb/src/class/cdc/cdc_device.c.obj
                0x10006248                cdcd_init
 .text.cdcd_reset
                0x10006304       0x44 CMakeFiles/pico_teste.dir/C_/VSARM/sdk/pico/pico-sdk/lib/tinyusb/src/class/cdc/cdc_device.c.obj
                0x10006304                cdcd_reset
 .text.cdcd_open
                0x10006348       0xf8 CMakeFiles/pico_teste.dir/C_/VSARM/sdk/pico/pico-sdk/lib/tinyusb/src/class/cdc/cdc_device.c.obj
                0x10006348                cdcd_open
 .text.cdcd_control_xfer_cb
                0x10006440      0x134 CMakeFiles/pico_teste.dir/C_/VSARM/sdk/pico/pico-sdk/lib/tinyusb/src/class/cdc/cdc_device.c.obj
                0x10006440                cdcd_control_xfer_cb
 .text.cdcd_xfer_cb
                0x10006574      0x144 CMakeFiles/pico_teste.dir/C_/VSARM/sdk/pico/pico-sdk/lib/tinyusb/src/class/cdc/cdc_device.c.obj
                0x10006574                cdcd_xfer_cb
 .text.tusb_init
                0x100066b8       0x24 CMakeFiles/pico_teste.dir/C_/VSARM/sdk/pico/pico-sdk/lib/tinyusb/src/tusb.c.obj
                0x100066b8                tusb_init
 .text.tusb_inited
                0x100066dc        0xe CMakeFiles/pico_teste.dir/C_/VSARM/sdk/pico/pico-sdk/lib/tinyusb/src/tusb.c.obj
                0x100066dc                tusb_inited
 *fill*         0x100066ea        0x2 
 .text.tu_edpt_validate
                0x100066ec       0xa8 CMakeFiles/pico_teste.dir/C_/VSARM/sdk/pico/pico-sdk/lib/tinyusb/src/tusb.c.obj
                0x100066ec                tu_edpt_validate
 .text.tu_edpt_bind_driver
                0x10006794       0x2a CMakeFiles/pico_teste.dir/C_/VSARM/sdk/pico/pico-sdk/lib/tinyusb/src/tusb.c.obj
                0x10006794                tu_edpt_bind_driver
 .text.advance_pointer
                0x100067be       0x18 CMakeFiles/pico_teste.dir/C_/VSARM/sdk/pico/pico-sdk/lib/tinyusb/src/common/tusb_fifo.c.obj
 .text.backward_pointer
                0x100067d6       0x1e CMakeFiles/pico_teste.dir/C_/VSARM/sdk/pico/pico-sdk/lib/tinyusb/src/common/tusb_fifo.c.obj
 .text.get_relative_pointer
                0x100067f4       0x10 CMakeFiles/pico_teste.dir/C_/VSARM/sdk/pico/pico-sdk/lib/tinyusb/src/common/tusb_fifo.c.obj
 .text._tu_fifo_peek
                0x10006804       0x50 CMakeFiles/pico_teste.dir/C_/VSARM/sdk/pico/pico-sdk/lib/tinyusb/src/common/tusb_fifo.c.obj
 .text._ff_pull_const_addr
                0x10006854       0x4c CMakeFiles/pico_teste.dir/C_/VSARM/sdk/pico/pico-sdk/lib/tinyusb/src/common/tusb_fifo.c.obj
 .text._ff_pull_n
                0x100068a0      0x10c CMakeFiles/pico_teste.dir/C_/VSARM/sdk/pico/pico-sdk/lib/tinyusb/src/common/tusb_fifo.c.obj
 .text._tu_fifo_peek_n
                0x100069ac       0x5e CMakeFiles/pico_teste.dir/C_/VSARM/sdk/pico/pico-sdk/lib/tinyusb/src/common/tusb_fifo.c.obj
 .text._tu_fifo_read_n
                0x10006a0a       0x4e CMakeFiles/pico_teste.dir/C_/VSARM/sdk/pico/pico-sdk/lib/tinyusb/src/common/tusb_fifo.c.obj
 .text._ff_push_const_addr
                0x10006a58       0x40 CMakeFiles/pico_teste.dir/C_/VSARM/sdk/pico/pico-sdk/lib/tinyusb/src/common/tusb_fifo.c.obj
 .text._ff_push_n
                0x10006a98      0x108 CMakeFiles/pico_teste.dir/C_/VSARM/sdk/pico/pico-sdk/lib/tinyusb/src/common/tusb_fifo.c.obj
 .text._tu_fifo_write_n
                0x10006ba0       0x9e CMakeFiles/pico_teste.dir/C_/VSARM/sdk/pico/pico-sdk/lib/tinyusb/src/common/tusb_fifo.c.obj
 .text.tu_fifo_config
                0x10006c3e       0x72 CMakeFiles/pico_teste.dir/C_/VSARM/sdk/pico/pico-sdk/lib/tinyusb/src/common/tusb_fifo.c.obj
                0x10006c3e                tu_fifo_config
 .text.tu_fifo_count
                0x10006cb0       0x26 CMakeFiles/pico_teste.dir/C_/VSARM/sdk/pico/pico-sdk/lib/tinyusb/src/common/tusb_fifo.c.obj
                0x10006cb0                tu_fifo_count
 .text.tu_fifo_empty
                0x10006cd6       0x10 CMakeFiles/pico_teste.dir/C_/VSARM/sdk/pico/pico-sdk/lib/tinyusb/src/common/tusb_fifo.c.obj
                0x10006cd6                tu_fifo_empty
 .text.tu_fifo_remaining
                0x10006ce6       0x20 CMakeFiles/pico_teste.dir/C_/VSARM/sdk/pico/pico-sdk/lib/tinyusb/src/common/tusb_fifo.c.obj
                0x10006ce6                tu_fifo_remaining
 .text.tu_fifo_read
                0x10006d06       0x42 CMakeFiles/pico_teste.dir/C_/VSARM/sdk/pico/pico-sdk/lib/tinyusb/src/common/tusb_fifo.c.obj
                0x10006d06                tu_fifo_read
 .text.tu_fifo_read_n
                0x10006d48        0xa CMakeFiles/pico_teste.dir/C_/VSARM/sdk/pico/pico-sdk/lib/tinyusb/src/common/tusb_fifo.c.obj
                0x10006d48                tu_fifo_read_n
 .text.tu_fifo_write
                0x10006d52       0x6c CMakeFiles/pico_teste.dir/C_/VSARM/sdk/pico/pico-sdk/lib/tinyusb/src/common/tusb_fifo.c.obj
                0x10006d52                tu_fifo_write
 .text.tu_fifo_write_n
                0x10006dbe        0xa CMakeFiles/pico_teste.dir/C_/VSARM/sdk/pico/pico-sdk/lib/tinyusb/src/common/tusb_fifo.c.obj
                0x10006dbe                tu_fifo_write_n
 .text.tu_fifo_clear
                0x10006dc8       0x4c CMakeFiles/pico_teste.dir/C_/VSARM/sdk/pico/pico-sdk/lib/tinyusb/src/common/tusb_fifo.c.obj
                0x10006dc8                tu_fifo_clear
 .text.tu_fifo_set_overwritable
                0x10006e14       0x3c CMakeFiles/pico_teste.dir/C_/VSARM/sdk/pico/pico-sdk/lib/tinyusb/src/common/tusb_fifo.c.obj
                0x10006e14                tu_fifo_set_overwritable
 .text._retrieve_unique_id_on_boot
                0x10006e50       0x10 CMakeFiles/pico_teste.dir/C_/VSARM/sdk/pico/pico-sdk/src/rp2_common/pico_unique_id/unique_id.c.obj
 .text.pico_get_unique_board_id_string
                0x10006e60       0x60 CMakeFiles/pico_teste.dir/C_/VSARM/sdk/pico/pico-sdk/src/rp2_common/pico_unique_id/unique_id.c.obj
                0x10006e60                pico_get_unique_board_id_string
 .text.flash_get_unique_id
                0x10006ec0       0x46 CMakeFiles/pico_teste.dir/C_/VSARM/sdk/pico/pico-sdk/src/rp2_common/hardware_flash/flash.c.obj
                0x10006ec0                flash_get_unique_id
 *fill*         0x10006f06        0x2 
 .text.strlen   0x10006f08       0x5c c:/vsarm/armcc/102020~1/bin/../lib/gcc/arm-none-eabi/10.2.1/../../../../arm-none-eabi/lib/thumb/v6-m/nofp\libg.a(lib_a-strlen-stub.o)
                0x10006f08                strlen
 *(.fini)
 .fini          0x10006f64        0x4 c:/vsarm/armcc/102020~1/bin/../lib/gcc/arm-none-eabi/10.2.1/thumb/v6-m/nofp/crti.o
                0x10006f64                _fini
 .fini.__stub   0x10006f68       0x70 linker stubs
 *crtbegin.o(.ctors)
 *crtbegin?.o(.ctors)
 *(EXCLUDE_FILE(*crtend.o *crtend?.o) .ctors)
 *(SORT_BY_NAME(.ctors.*))
 *(.ctors)
 *crtbegin.o(.dtors)
 *crtbegin?.o(.dtors)
 *(EXCLUDE_FILE(*crtend.o *crtend?.o) .dtors)
 *(SORT_BY_NAME(.dtors.*))
 *(.dtors)
 *(.eh_frame*)
 .eh_frame      0x10006fd8        0x0 c:/vsarm/armcc/102020~1/bin/../lib/gcc/arm-none-eabi/10.2.1/thumb/v6-m/nofp/crtbegin.o
                0x10006fd8                . = ALIGN (0x4)

.glue_7         0x10006fd8        0x0
 .glue_7        0x10006fd8        0x0 linker stubs

.glue_7t        0x10006fd8        0x0
 .glue_7t       0x10006fd8        0x0 linker stubs

.vfp11_veneer   0x10006fd8        0x0
 .vfp11_veneer  0x10006fd8        0x0 linker stubs

.v4_bx          0x10006fd8        0x0
 .v4_bx         0x10006fd8        0x0 linker stubs

.iplt           0x10006fd8        0x0
 .iplt          0x10006fd8        0x0 c:/vsarm/armcc/102020~1/bin/../lib/gcc/arm-none-eabi/10.2.1/thumb/v6-m/nofp/crtbegin.o

.rodata         0x10006fd8     0x15a4
 *(EXCLUDE_FILE(*libm.a: *libc.a:*lib_a-mem*.o *libgcc.a:) .rodata*)
 .rodata.main.str1.4
                0x10006fd8        0xb CMakeFiles/pico_teste.dir/blink.c.obj
 *fill*         0x10006fe3        0x1 
 .rodata.spin_lock_claim_unused.str1.4
                0x10006fe4       0x1b CMakeFiles/pico_teste.dir/C_/VSARM/sdk/pico/pico-sdk/src/rp2_common/hardware_sync/sync.c.obj
 *fill*         0x10006fff        0x1 
 .rodata.repeating_timer_callback.str1.4
                0x10007000       0x4b CMakeFiles/pico_teste.dir/C_/VSARM/sdk/pico/pico-sdk/src/common/pico_time/time.c.obj
 *fill*         0x1000704b        0x1 
 .rodata.alarm_pool_dump_key.str1.4
                0x1000704c       0x33 CMakeFiles/pico_teste.dir/C_/VSARM/sdk/pico/pico-sdk/src/common/pico_time/time.c.obj
 *fill*         0x1000707f        0x1 
 .rodata.ph_add_child_node.str1.4
                0x10007080       0x96 CMakeFiles/pico_teste.dir/C_/VSARM/sdk/pico/pico-sdk/src/common/pico_time/time.c.obj
 *fill*         0x10007116        0x2 
 .rodata.add_alarm_under_lock.str1.4
                0x10007118       0x28 CMakeFiles/pico_teste.dir/C_/VSARM/sdk/pico/pico-sdk/src/common/pico_time/time.c.obj
                                 0x2b (size before relaxing)
 .rodata.alarm_pool_alarm_callback.str1.4
                0x10007140       0xe6 CMakeFiles/pico_teste.dir/C_/VSARM/sdk/pico/pico-sdk/src/common/pico_time/time.c.obj
 *fill*         0x10007226        0x2 
 .rodata.alarm_pool_get_default.str1.4
                0x10007228       0x21 CMakeFiles/pico_teste.dir/C_/VSARM/sdk/pico/pico-sdk/src/common/pico_time/time.c.obj
 *fill*         0x10007249        0x3 
 .rodata.alarm_pool_cancel_alarm.str1.4
                0x1000724c       0x27 CMakeFiles/pico_teste.dir/C_/VSARM/sdk/pico/pico-sdk/src/common/pico_time/time.c.obj
 *fill*         0x10007273        0x1 
 .rodata.sleep_until.str1.4
                0x10007274       0x4d CMakeFiles/pico_teste.dir/C_/VSARM/sdk/pico/pico-sdk/src/common/pico_time/time.c.obj
 *fill*         0x100072c1        0x3 
 .rodata.__func__.1
                0x100072c4       0x18 CMakeFiles/pico_teste.dir/C_/VSARM/sdk/pico/pico-sdk/src/common/pico_time/time.c.obj
 .rodata.__func__.10
                0x100072dc       0x15 CMakeFiles/pico_teste.dir/C_/VSARM/sdk/pico/pico-sdk/src/common/pico_time/time.c.obj
 *fill*         0x100072f1        0x3 
 .rodata.__func__.11
                0x100072f4       0x1a CMakeFiles/pico_teste.dir/C_/VSARM/sdk/pico/pico-sdk/src/common/pico_time/time.c.obj
 *fill*         0x1000730e        0x2 
 .rodata.__func__.12
                0x10007310        0xa CMakeFiles/pico_teste.dir/C_/VSARM/sdk/pico/pico-sdk/src/common/pico_time/time.c.obj
 *fill*         0x1000731a        0x2 
 .rodata.__func__.3
                0x1000731c       0x17 CMakeFiles/pico_teste.dir/C_/VSARM/sdk/pico/pico-sdk/src/common/pico_time/time.c.obj
 *fill*         0x10007333        0x1 
 .rodata.__func__.4
                0x10007334       0x12 CMakeFiles/pico_teste.dir/C_/VSARM/sdk/pico/pico-sdk/src/common/pico_time/time.c.obj
 *fill*         0x10007346        0x2 
 .rodata.__func__.5
                0x10007348        0xd CMakeFiles/pico_teste.dir/C_/VSARM/sdk/pico/pico-sdk/src/common/pico_time/time.c.obj
 *fill*         0x10007355        0x3 
 .rodata.__func__.6
                0x10007358       0x12 CMakeFiles/pico_teste.dir/C_/VSARM/sdk/pico/pico-sdk/src/common/pico_time/time.c.obj
 *fill*         0x1000736a        0x2 
 .rodata.__func__.7
                0x1000736c        0xf CMakeFiles/pico_teste.dir/C_/VSARM/sdk/pico/pico-sdk/src/common/pico_time/time.c.obj
 *fill*         0x1000737b        0x1 
 .rodata.__func__.8
                0x1000737c        0xc CMakeFiles/pico_teste.dir/C_/VSARM/sdk/pico/pico-sdk/src/common/pico_time/time.c.obj
 .rodata.__func__.9
                0x10007388       0x15 CMakeFiles/pico_teste.dir/C_/VSARM/sdk/pico/pico-sdk/src/common/pico_time/time.c.obj
 *fill*         0x1000739d        0x3 
 .rodata.hardware_alarm_claim.str1.4
                0x100073a0       0x22 CMakeFiles/pico_teste.dir/C_/VSARM/sdk/pico/pico-sdk/src/rp2_common/hardware_timer/timer.c.obj
 *fill*         0x100073c2        0x2 
 .rodata.hardware_alarm_set_target.str1.4
                0x100073c4       0x65 CMakeFiles/pico_teste.dir/C_/VSARM/sdk/pico/pico-sdk/src/rp2_common/hardware_timer/timer.c.obj
 *fill*         0x10007429        0x3 
 .rodata.__func__.0
                0x1000742c       0x1a CMakeFiles/pico_teste.dir/C_/VSARM/sdk/pico/pico-sdk/src/rp2_common/hardware_timer/timer.c.obj
 *fill*         0x10007446        0x2 
 .rodata.str1.4
                0x10007448       0x89 CMakeFiles/pico_teste.dir/C_/VSARM/sdk/pico/pico-sdk/src/common/pico_sync/mutex.c.obj
                                 0xed (size before relaxing)
 *fill*         0x100074d1        0x3 
 .rodata.__func__.1
                0x100074d4        0xb CMakeFiles/pico_teste.dir/C_/VSARM/sdk/pico/pico-sdk/src/common/pico_sync/mutex.c.obj
 *fill*         0x100074df        0x1 
 .rodata.__func__.3
                0x100074e0       0x18 CMakeFiles/pico_teste.dir/C_/VSARM/sdk/pico/pico-sdk/src/common/pico_sync/mutex.c.obj
 .rodata.__func__.4
                0x100074f8       0x15 CMakeFiles/pico_teste.dir/C_/VSARM/sdk/pico/pico-sdk/src/common/pico_sync/mutex.c.obj
 .rodata.ph_add_child_node.str1.4
                0x1000750d       0x96 CMakeFiles/pico_teste.dir/C_/VSARM/sdk/pico/pico-sdk/src/common/pico_util/pheap.c.obj
 *fill*         0x1000750d        0x3 
 .rodata.ph_remove_any_head.str1.4
                0x10007510       0x8c CMakeFiles/pico_teste.dir/C_/VSARM/sdk/pico/pico-sdk/src/common/pico_util/pheap.c.obj
 .rodata.ph_remove_and_free_node.str1.4
                0x1000759c       0x26 CMakeFiles/pico_teste.dir/C_/VSARM/sdk/pico/pico-sdk/src/common/pico_util/pheap.c.obj
 *fill*         0x100075c2        0x2 
 .rodata.__func__.0
                0x100075c4       0x18 CMakeFiles/pico_teste.dir/C_/VSARM/sdk/pico/pico-sdk/src/common/pico_util/pheap.c.obj
 .rodata.__func__.1
                0x100075dc       0x13 CMakeFiles/pico_teste.dir/C_/VSARM/sdk/pico/pico-sdk/src/common/pico_util/pheap.c.obj
 *fill*         0x100075ef        0x1 
 .rodata.__func__.2
                0x100075f0       0x12 CMakeFiles/pico_teste.dir/C_/VSARM/sdk/pico/pico-sdk/src/common/pico_util/pheap.c.obj
 *fill*         0x10007602        0x2 
 .rodata.__func__.3
                0x10007604        0xc CMakeFiles/pico_teste.dir/C_/VSARM/sdk/pico/pico-sdk/src/common/pico_util/pheap.c.obj
 .rodata.__assert_func.str1.4
                0x10007610       0x3f CMakeFiles/pico_teste.dir/C_/VSARM/sdk/pico/pico-sdk/src/rp2_common/pico_runtime/runtime.c.obj
                                 0x43 (size before relaxing)
 *fill*         0x1000764f        0x1 
 .rodata.runtime_init.str1.4
                0x10007650       0x61 CMakeFiles/pico_teste.dir/C_/VSARM/sdk/pico/pico-sdk/src/rp2_common/pico_runtime/runtime.c.obj
 *fill*         0x100076b1        0x3 
 .rodata.panic.str1.4
                0x100076b4       0x12 CMakeFiles/pico_teste.dir/C_/VSARM/sdk/pico/pico-sdk/src/rp2_common/pico_runtime/runtime.c.obj
 *fill*         0x100076c6        0x2 
 .rodata.__func__.1
                0x100076c8        0xd CMakeFiles/pico_teste.dir/C_/VSARM/sdk/pico/pico-sdk/src/rp2_common/pico_runtime/runtime.c.obj
 *fill*         0x100076d5        0x3 
 .rodata.clock_configure.str1.4
                0x100076d8       0x57 CMakeFiles/pico_teste.dir/C_/VSARM/sdk/pico/pico-sdk/src/rp2_common/hardware_clocks/clocks.c.obj
 *fill*         0x1000772f        0x1 
 .rodata.__func__.1
                0x10007730       0x10 CMakeFiles/pico_teste.dir/C_/VSARM/sdk/pico/pico-sdk/src/rp2_common/hardware_clocks/clocks.c.obj
 .rodata.make_branch.str1.4
                0x10007740       0x4d CMakeFiles/pico_teste.dir/C_/VSARM/sdk/pico/pico-sdk/src/rp2_common/hardware_irq/irq.c.obj
 *fill*         0x1000778d        0x3 
 .rodata.irq_set_exclusive_handler.str1.4
                0x10007790       0x36 CMakeFiles/pico_teste.dir/C_/VSARM/sdk/pico/pico-sdk/src/rp2_common/hardware_irq/irq.c.obj
 *fill*         0x100077c6        0x2 
 .rodata.irq_add_shared_handler.str1.4
                0x100077c8       0xd9 CMakeFiles/pico_teste.dir/C_/VSARM/sdk/pico/pico-sdk/src/rp2_common/hardware_irq/irq.c.obj
 *fill*         0x100078a1        0x3 
 .rodata.irq_remove_handler.str1.4
                0x100078a4       0x2a CMakeFiles/pico_teste.dir/C_/VSARM/sdk/pico/pico-sdk/src/rp2_common/hardware_irq/irq.c.obj
 *fill*         0x100078ce        0x2 
 .rodata.irq_add_tail_to_free_list.str1.4
                0x100078d0       0x32 CMakeFiles/pico_teste.dir/C_/VSARM/sdk/pico/pico-sdk/src/rp2_common/hardware_irq/irq.c.obj
                                 0x3a (size before relaxing)
 *fill*         0x10007902        0x2 
 .rodata.__func__.0
                0x10007904       0x1a CMakeFiles/pico_teste.dir/C_/VSARM/sdk/pico/pico-sdk/src/rp2_common/hardware_irq/irq.c.obj
 *fill*         0x1000791e        0x2 
 .rodata.__func__.1
                0x10007920       0x17 CMakeFiles/pico_teste.dir/C_/VSARM/sdk/pico/pico-sdk/src/rp2_common/hardware_irq/irq.c.obj
 *fill*         0x10007937        0x1 
 .rodata.__func__.2
                0x10007938       0x13 CMakeFiles/pico_teste.dir/C_/VSARM/sdk/pico/pico-sdk/src/rp2_common/hardware_irq/irq.c.obj
 *fill*         0x1000794b        0x1 
 .rodata.__func__.3
                0x1000794c        0xc CMakeFiles/pico_teste.dir/C_/VSARM/sdk/pico/pico-sdk/src/rp2_common/hardware_irq/irq.c.obj
 .rodata.__func__.4
                0x10007958        0xf CMakeFiles/pico_teste.dir/C_/VSARM/sdk/pico/pico-sdk/src/rp2_common/hardware_irq/irq.c.obj
 *fill*         0x10007967        0x1 
 .rodata.__func__.6
                0x10007968       0x1a CMakeFiles/pico_teste.dir/C_/VSARM/sdk/pico/pico-sdk/src/rp2_common/hardware_irq/irq.c.obj
 *fill*         0x10007982        0x2 
 .rodata.pll_init.str1.4
                0x10007984       0xdb CMakeFiles/pico_teste.dir/C_/VSARM/sdk/pico/pico-sdk/src/rp2_common/hardware_pll/pll.c.obj
 *fill*         0x10007a5f        0x1 
 .rodata.__func__.0
                0x10007a60        0x9 CMakeFiles/pico_teste.dir/C_/VSARM/sdk/pico/pico-sdk/src/rp2_common/hardware_pll/pll.c.obj
 *fill*         0x10007a69        0x3 
 .rodata._ftoa.str1.4
                0x10007a6c       0x15 CMakeFiles/pico_teste.dir/C_/VSARM/sdk/pico/pico-sdk/src/rp2_common/pico_printf/printf.c.obj
 *fill*         0x10007a81        0x3 
 .rodata._vsnprintf
                0x10007a84      0x1e0 CMakeFiles/pico_teste.dir/C_/VSARM/sdk/pico/pico-sdk/src/rp2_common/pico_printf/printf.c.obj
 *fill*         0x10007c64        0x4 
 .rodata.pow10.0
                0x10007c68       0x50 CMakeFiles/pico_teste.dir/C_/VSARM/sdk/pico/pico-sdk/src/rp2_common/pico_printf/printf.c.obj
 .rodata.__aeabi_double_init.str1.4
                0x10007cb8       0xa8 CMakeFiles/pico_teste.dir/C_/VSARM/sdk/pico/pico-sdk/src/rp2_common/pico_double/double_init_rom.c.obj
 .rodata.__func__.0
                0x10007d60       0x14 CMakeFiles/pico_teste.dir/C_/VSARM/sdk/pico/pico-sdk/src/rp2_common/pico_double/double_init_rom.c.obj
 .rodata.__aeabi_float_init.str1.4
                0x10007d74       0x7a CMakeFiles/pico_teste.dir/C_/VSARM/sdk/pico/pico-sdk/src/rp2_common/pico_float/float_init_rom.c.obj
                                 0x7e (size before relaxing)
 *fill*         0x10007dee        0x2 
 .rodata.__func__.0
                0x10007df0       0x13 CMakeFiles/pico_teste.dir/C_/VSARM/sdk/pico/pico-sdk/src/rp2_common/pico_float/float_init_rom.c.obj
 *fill*         0x10007e03        0x1 
 .rodata.str1.4
                0x10007e04       0x40 CMakeFiles/pico_teste.dir/C_/VSARM/sdk/pico/pico-sdk/src/rp2_common/pico_standard_link/binary_info.c.obj
 .rodata.__bi_44
                0x10007e44        0xc CMakeFiles/pico_teste.dir/C_/VSARM/sdk/pico/pico-sdk/src/rp2_common/pico_standard_link/binary_info.c.obj
 .rodata.__bi_75
                0x10007e50        0xc CMakeFiles/pico_teste.dir/C_/VSARM/sdk/pico/pico-sdk/src/rp2_common/pico_standard_link/binary_info.c.obj
 .rodata.__bi_81
                0x10007e5c        0xc CMakeFiles/pico_teste.dir/C_/VSARM/sdk/pico/pico-sdk/src/rp2_common/pico_standard_link/binary_info.c.obj
 .rodata.crlf_str.3
                0x10007e68        0x2 CMakeFiles/pico_teste.dir/C_/VSARM/sdk/pico/pico-sdk/src/rp2_common/pico_stdio/stdio.c.obj
 *fill*         0x10007e6a        0x2 
 .rodata._resetd_driver
                0x10007e6c       0x18 CMakeFiles/pico_teste.dir/C_/VSARM/sdk/pico/pico-sdk/src/rp2_common/pico_stdio_usb/reset_interface.c.obj
 .rodata.stdio_usb_init.str1.4
                0x10007e84       0x61 CMakeFiles/pico_teste.dir/C_/VSARM/sdk/pico/pico-sdk/src/rp2_common/pico_stdio_usb/stdio_usb.c.obj
 .rodata.str1.4
                0x10007e84       0x13 CMakeFiles/pico_teste.dir/C_/VSARM/sdk/pico/pico-sdk/src/rp2_common/pico_stdio_usb/stdio_usb.c.obj
 *fill*         0x10007e97        0x1 
 .rodata.__bi_93.1
                0x10007e98        0xc CMakeFiles/pico_teste.dir/C_/VSARM/sdk/pico/pico-sdk/src/rp2_common/pico_stdio_usb/stdio_usb.c.obj
 .rodata.__func__.0
                0x10007ea4       0x15 CMakeFiles/pico_teste.dir/C_/VSARM/sdk/pico/pico-sdk/src/rp2_common/pico_stdio_usb/stdio_usb.c.obj
 *fill*         0x10007eb9        0x3 
 .rodata.str1.4
                0x10007ebc       0x2a CMakeFiles/pico_teste.dir/C_/VSARM/sdk/pico/pico-sdk/src/rp2_common/pico_stdio_usb/stdio_usb_descriptors.c.obj
 *fill*         0x10007ee6        0x2 
 .rodata.usbd_desc_cfg
                0x10007ee8       0x54 CMakeFiles/pico_teste.dir/C_/VSARM/sdk/pico/pico-sdk/src/rp2_common/pico_stdio_usb/stdio_usb_descriptors.c.obj
 .rodata.usbd_desc_device
                0x10007f3c       0x12 CMakeFiles/pico_teste.dir/C_/VSARM/sdk/pico/pico-sdk/src/rp2_common/pico_stdio_usb/stdio_usb_descriptors.c.obj
 *fill*         0x10007f4e        0x2 
 .rodata.usbd_desc_str
                0x10007f50       0x18 CMakeFiles/pico_teste.dir/C_/VSARM/sdk/pico/pico-sdk/src/rp2_common/pico_stdio_usb/stdio_usb_descriptors.c.obj
 .rodata._hw_endpoint_alloc.str1.4
                0x10007f68       0xb5 CMakeFiles/pico_teste.dir/C_/VSARM/sdk/pico/pico-sdk/lib/tinyusb/src/portable/raspberrypi/rp2040/dcd_rp2040.c.obj
 *fill*         0x1000801d        0x3 
 .rodata.dcd_rp2040_irq.str1.4
                0x10008020       0x14 CMakeFiles/pico_teste.dir/C_/VSARM/sdk/pico/pico-sdk/lib/tinyusb/src/portable/raspberrypi/rp2040/dcd_rp2040.c.obj
 .rodata.dcd_int_enable.str1.4
                0x10008034        0xc CMakeFiles/pico_teste.dir/C_/VSARM/sdk/pico/pico-sdk/lib/tinyusb/src/portable/raspberrypi/rp2040/dcd_rp2040.c.obj
 .rodata.__func__.0
                0x10008040        0xe CMakeFiles/pico_teste.dir/C_/VSARM/sdk/pico/pico-sdk/lib/tinyusb/src/portable/raspberrypi/rp2040/dcd_rp2040.c.obj
 *fill*         0x1000804e        0x2 
 .rodata.__func__.1
                0x10008050        0xe CMakeFiles/pico_teste.dir/C_/VSARM/sdk/pico/pico-sdk/lib/tinyusb/src/portable/raspberrypi/rp2040/dcd_rp2040.c.obj
 *fill*         0x1000805e        0x2 
 .rodata.__func__.3
                0x10008060       0x10 CMakeFiles/pico_teste.dir/C_/VSARM/sdk/pico/pico-sdk/lib/tinyusb/src/portable/raspberrypi/rp2040/dcd_rp2040.c.obj
 .rodata.__func__.5
                0x10008070        0xf CMakeFiles/pico_teste.dir/C_/VSARM/sdk/pico/pico-sdk/lib/tinyusb/src/portable/raspberrypi/rp2040/dcd_rp2040.c.obj
 *fill*         0x1000807f        0x1 
 .rodata.__func__.6
                0x10008080       0x13 CMakeFiles/pico_teste.dir/C_/VSARM/sdk/pico/pico-sdk/lib/tinyusb/src/portable/raspberrypi/rp2040/dcd_rp2040.c.obj
 *fill*         0x10008093        0x1 
 .rodata.__func__.7
                0x10008094        0x9 CMakeFiles/pico_teste.dir/C_/VSARM/sdk/pico/pico-sdk/lib/tinyusb/src/portable/raspberrypi/rp2040/dcd_rp2040.c.obj
 *fill*         0x1000809d        0x3 
 .rodata.sync_ep_buffer.str1.4
                0x100080a0       0x91 CMakeFiles/pico_teste.dir/C_/VSARM/sdk/pico/pico-sdk/lib/tinyusb/src/portable/raspberrypi/rp2040/rp2040_usb.c.obj
 *fill*         0x10008131        0x3 
 .rodata._hw_endpoint_buffer_control_update32.str1.4
                0x10008134       0x1f CMakeFiles/pico_teste.dir/C_/VSARM/sdk/pico/pico-sdk/lib/tinyusb/src/portable/raspberrypi/rp2040/rp2040_usb.c.obj
 *fill*         0x10008153        0x1 
 .rodata.hw_endpoint_xfer_start.str1.4
                0x10008154       0x38 CMakeFiles/pico_teste.dir/C_/VSARM/sdk/pico/pico-sdk/lib/tinyusb/src/portable/raspberrypi/rp2040/rp2040_usb.c.obj
 .rodata.hw_endpoint_xfer_continue.str1.4
                0x1000818c       0x29 CMakeFiles/pico_teste.dir/C_/VSARM/sdk/pico/pico-sdk/lib/tinyusb/src/portable/raspberrypi/rp2040/rp2040_usb.c.obj
 *fill*         0x100081b5        0x3 
 .rodata.str1.4
                0x100081b8        0x7 CMakeFiles/pico_teste.dir/C_/VSARM/sdk/pico/pico-sdk/lib/tinyusb/src/portable/raspberrypi/rp2040/rp2040_usb.c.obj
 *fill*         0x100081bf        0x1 
 .rodata.__func__.0
                0x100081c0        0xf CMakeFiles/pico_teste.dir/C_/VSARM/sdk/pico/pico-sdk/lib/tinyusb/src/portable/raspberrypi/rp2040/rp2040_usb.c.obj
 *fill*         0x100081cf        0x1 
 .rodata.process_set_config.str1.4
                0x100081d0       0x17 CMakeFiles/pico_teste.dir/C_/VSARM/sdk/pico/pico-sdk/lib/tinyusb/src/device/usbd.c.obj
 *fill*         0x100081e7        0x1 
 .rodata.process_get_descriptor
                0x100081e8       0x40 CMakeFiles/pico_teste.dir/C_/VSARM/sdk/pico/pico-sdk/lib/tinyusb/src/device/usbd.c.obj
 .rodata.process_control_request
                0x10008228       0x28 CMakeFiles/pico_teste.dir/C_/VSARM/sdk/pico/pico-sdk/lib/tinyusb/src/device/usbd.c.obj
 .rodata.tud_task
                0x10008250       0x24 CMakeFiles/pico_teste.dir/C_/VSARM/sdk/pico/pico-sdk/lib/tinyusb/src/device/usbd.c.obj
 .rodata.__func__.2
                0x10008274        0xf CMakeFiles/pico_teste.dir/C_/VSARM/sdk/pico/pico-sdk/lib/tinyusb/src/device/usbd.c.obj
 *fill*         0x10008283        0x1 
 .rodata.__func__.3
                0x10008284        0xf CMakeFiles/pico_teste.dir/C_/VSARM/sdk/pico/pico-sdk/lib/tinyusb/src/device/usbd.c.obj
 *fill*         0x10008293        0x1 
 .rodata.__func__.4
                0x10008294       0x14 CMakeFiles/pico_teste.dir/C_/VSARM/sdk/pico/pico-sdk/lib/tinyusb/src/device/usbd.c.obj
 .rodata.__func__.5
                0x100082a8       0x10 CMakeFiles/pico_teste.dir/C_/VSARM/sdk/pico/pico-sdk/lib/tinyusb/src/device/usbd.c.obj
 .rodata.__func__.6
                0x100082b8       0x17 CMakeFiles/pico_teste.dir/C_/VSARM/sdk/pico/pico-sdk/lib/tinyusb/src/device/usbd.c.obj
 *fill*         0x100082cf        0x1 
 .rodata.__func__.7
                0x100082d0       0x13 CMakeFiles/pico_teste.dir/C_/VSARM/sdk/pico/pico-sdk/lib/tinyusb/src/device/usbd.c.obj
 *fill*         0x100082e3        0x1 
 .rodata.__func__.8
                0x100082e4       0x18 CMakeFiles/pico_teste.dir/C_/VSARM/sdk/pico/pico-sdk/lib/tinyusb/src/device/usbd.c.obj
 .rodata.__func__.9
                0x100082fc        0x9 CMakeFiles/pico_teste.dir/C_/VSARM/sdk/pico/pico-sdk/lib/tinyusb/src/device/usbd.c.obj
 *fill*         0x10008305        0x3 
 .rodata._usbd_driver
                0x10008308       0x18 CMakeFiles/pico_teste.dir/C_/VSARM/sdk/pico/pico-sdk/lib/tinyusb/src/device/usbd.c.obj
 .rodata.tud_control_xfer.str1.4
                0x10008320       0x17 CMakeFiles/pico_teste.dir/C_/VSARM/sdk/pico/pico-sdk/lib/tinyusb/src/device/usbd_control.c.obj
 .rodata.__func__.0
                0x10008320       0x15 CMakeFiles/pico_teste.dir/C_/VSARM/sdk/pico/pico-sdk/lib/tinyusb/src/device/usbd_control.c.obj
 *fill*         0x10008335        0x3 
 .rodata.__func__.1
                0x10008338       0x11 CMakeFiles/pico_teste.dir/C_/VSARM/sdk/pico/pico-sdk/lib/tinyusb/src/device/usbd_control.c.obj
 .rodata.tud_cdc_n_write_flush.str1.4
                0x10008349       0x17 CMakeFiles/pico_teste.dir/C_/VSARM/sdk/pico/pico-sdk/lib/tinyusb/src/class/cdc/cdc_device.c.obj
 *fill*         0x10008349        0x3 
 .rodata.__func__.0
                0x1000834c        0xd CMakeFiles/pico_teste.dir/C_/VSARM/sdk/pico/pico-sdk/lib/tinyusb/src/class/cdc/cdc_device.c.obj
 *fill*         0x10008359        0x3 
 .rodata.__func__.1
                0x1000835c        0xa CMakeFiles/pico_teste.dir/C_/VSARM/sdk/pico/pico-sdk/lib/tinyusb/src/class/cdc/cdc_device.c.obj
 *fill*         0x10008366        0x2 
 .rodata.__func__.2
                0x10008368       0x16 CMakeFiles/pico_teste.dir/C_/VSARM/sdk/pico/pico-sdk/lib/tinyusb/src/class/cdc/cdc_device.c.obj
 .rodata.tusb_init.str1.4
                0x1000837e       0x17 CMakeFiles/pico_teste.dir/C_/VSARM/sdk/pico/pico-sdk/lib/tinyusb/src/tusb.c.obj
 *fill*         0x1000837e        0x2 
 .rodata.__func__.0
                0x10008380       0x11 CMakeFiles/pico_teste.dir/C_/VSARM/sdk/pico/pico-sdk/lib/tinyusb/src/tusb.c.obj
 *fill*         0x10008391        0x3 
 .rodata.__func__.1
                0x10008394        0xa CMakeFiles/pico_teste.dir/C_/VSARM/sdk/pico/pico-sdk/lib/tinyusb/src/tusb.c.obj
 *fill*         0x1000839e        0x2 
 .rodata.pico_get_unique_board_id_string.str1.4
                0x100083a0       0x4d CMakeFiles/pico_teste.dir/C_/VSARM/sdk/pico/pico-sdk/src/rp2_common/pico_unique_id/unique_id.c.obj
 *fill*         0x100083ed        0x3 
 .rodata.__func__.0
                0x100083f0       0x20 CMakeFiles/pico_teste.dir/C_/VSARM/sdk/pico/pico-sdk/src/rp2_common/pico_unique_id/unique_id.c.obj
 .rodata.str1.4
                0x10008410      0x15a CMakeFiles/pico_teste.dir/C_/VSARM/sdk/pico/pico-sdk/src/rp2_common/hardware_flash/flash.c.obj
 *fill*         0x1000856a        0x2 
 .rodata.__func__.0
                0x1000856c        0xd CMakeFiles/pico_teste.dir/C_/VSARM/sdk/pico/pico-sdk/src/rp2_common/hardware_flash/flash.c.obj
                0x1000857c                . = ALIGN (0x4)
 *fill*         0x10008579        0x3 
 *(SORT_BY_ALIGNMENT(SORT_BY_NAME(.flashdata*)))
                0x1000857c                . = ALIGN (0x4)

.rel.dyn        0x1000857c        0x0
 .rel.iplt      0x1000857c        0x0 c:/vsarm/armcc/102020~1/bin/../lib/gcc/arm-none-eabi/10.2.1/thumb/v6-m/nofp/crtbegin.o

.ARM.extab
 *(.ARM.extab* .gnu.linkonce.armextab.*)
                0x1000857c                __exidx_start = .

.ARM.exidx
 *(.ARM.exidx* .gnu.linkonce.armexidx.*)
                0x1000857c                __exidx_end = .
                0x1000857c                . = ALIGN (0x4)
                0x1000857c                __binary_info_start = .

.binary_info    0x1000857c       0x20
 *(.binary_info.keep.*)
 .binary_info.keep.__bi_ptr22
                0x1000857c        0x4 CMakeFiles/pico_teste.dir/C_/VSARM/sdk/pico/pico-sdk/src/rp2_common/pico_standard_link/binary_info.c.obj
 .binary_info.keep.__bi_ptr30
                0x10008580        0x4 CMakeFiles/pico_teste.dir/C_/VSARM/sdk/pico/pico-sdk/src/rp2_common/pico_standard_link/binary_info.c.obj
 .binary_info.keep.__bi_ptr38
                0x10008584        0x4 CMakeFiles/pico_teste.dir/C_/VSARM/sdk/pico/pico-sdk/src/rp2_common/pico_standard_link/binary_info.c.obj
 .binary_info.keep.__bi_ptr44
                0x10008588        0x4 CMakeFiles/pico_teste.dir/C_/VSARM/sdk/pico/pico-sdk/src/rp2_common/pico_standard_link/binary_info.c.obj
 .binary_info.keep.__bi_ptr50
                0x1000858c        0x4 CMakeFiles/pico_teste.dir/C_/VSARM/sdk/pico/pico-sdk/src/rp2_common/pico_standard_link/binary_info.c.obj
 .binary_info.keep.__bi_ptr75
                0x10008590        0x4 CMakeFiles/pico_teste.dir/C_/VSARM/sdk/pico/pico-sdk/src/rp2_common/pico_standard_link/binary_info.c.obj
 .binary_info.keep.__bi_ptr81
                0x10008594        0x4 CMakeFiles/pico_teste.dir/C_/VSARM/sdk/pico/pico-sdk/src/rp2_common/pico_standard_link/binary_info.c.obj
 *(.binary_info.*)
 .binary_info.__bi_ptr93
                0x10008598        0x4 CMakeFiles/pico_teste.dir/C_/VSARM/sdk/pico/pico-sdk/src/rp2_common/pico_stdio_usb/stdio_usb.c.obj
                0x1000859c                __binary_info_end = .
                0x1000859c                . = ALIGN (0x4)
                0x1000859c                __etext = .

.ram_vector_table
                0x20000000       0xc0
 *(.ram_vector_table)
 .ram_vector_table
                0x20000000       0xc0 CMakeFiles/pico_teste.dir/C_/VSARM/sdk/pico/pico-sdk/src/rp2_common/pico_runtime/runtime.c.obj
                0x20000000                ram_vector_table

.data           0x200000c0      0x460 load address 0x1000859c
                0x200000c0                __data_start__ = .
 *(vtable)
 *(.time_critical*)
 .time_critical.mutex_enter_blocking
                0x200000c0       0x48 CMakeFiles/pico_teste.dir/C_/VSARM/sdk/pico/pico-sdk/src/common/pico_sync/mutex.c.obj
                0x200000c0                mutex_enter_blocking
 .time_critical.mutex_try_enter
                0x20000108       0x46 CMakeFiles/pico_teste.dir/C_/VSARM/sdk/pico/pico-sdk/src/common/pico_sync/mutex.c.obj
                0x20000108                mutex_try_enter
 *fill*         0x2000014e        0x2 
 .time_critical.mutex_enter_block_until
                0x20000150       0x8c CMakeFiles/pico_teste.dir/C_/VSARM/sdk/pico/pico-sdk/src/common/pico_sync/mutex.c.obj
                0x20000150                mutex_enter_block_until
 .time_critical.mutex_enter_timeout_ms
                0x200001dc       0x74 CMakeFiles/pico_teste.dir/C_/VSARM/sdk/pico/pico-sdk/src/common/pico_sync/mutex.c.obj
                0x200001dc                mutex_enter_timeout_ms
 .time_critical.mutex_exit
                0x20000250       0x4c CMakeFiles/pico_teste.dir/C_/VSARM/sdk/pico/pico-sdk/src/common/pico_sync/mutex.c.obj
                0x20000250                mutex_exit
 .time_critical.flash_init_boot2_copyout
                0x2000029c       0x30 CMakeFiles/pico_teste.dir/C_/VSARM/sdk/pico/pico-sdk/src/rp2_common/hardware_flash/flash.c.obj
 .time_critical.flash_enable_xip_via_boot2
                0x200002cc       0x10 CMakeFiles/pico_teste.dir/C_/VSARM/sdk/pico/pico-sdk/src/rp2_common/hardware_flash/flash.c.obj
 .time_critical.flash_cs_force
                0x200002dc       0x28 CMakeFiles/pico_teste.dir/C_/VSARM/sdk/pico/pico-sdk/src/rp2_common/hardware_flash/flash.c.obj
 .time_critical.flash_do_cmd
                0x20000304       0xd8 CMakeFiles/pico_teste.dir/C_/VSARM/sdk/pico/pico-sdk/src/rp2_common/hardware_flash/flash.c.obj
                0x20000304                flash_do_cmd
 *(.text*)
 .text          0x200003dc        0x4 c:/vsarm/armcc/102020~1/bin/../lib/gcc/arm-none-eabi/10.2.1/thumb/v6-m/nofp\libgcc.a(_dvmd_tls.o)
                0x200003dc                __aeabi_idiv0
                0x200003dc                __aeabi_ldiv0
 .text.__stub   0x200003e0       0x40 linker stubs
                0x20000420                . = ALIGN (0x4)
 *(.rodata*)
                0x20000420                . = ALIGN (0x4)
 *(.data*)
 .data.striped_spin_lock_num
                0x20000420        0x1 CMakeFiles/pico_teste.dir/C_/VSARM/sdk/pico/pico-sdk/src/rp2_common/hardware_sync/sync.c.obj
 *fill*         0x20000421        0x3 
 .data.default_alarm_pool
                0x20000424       0x18 CMakeFiles/pico_teste.dir/C_/VSARM/sdk/pico/pico-sdk/src/common/pico_time/time.c.obj
 .data.default_alarm_pool_heap
                0x2000043c       0x10 CMakeFiles/pico_teste.dir/C_/VSARM/sdk/pico/pico-sdk/src/common/pico_time/time.c.obj
 .data          0x2000044c       0x48 CMakeFiles/pico_teste.dir/C_/VSARM/sdk/pico/pico-sdk/src/rp2_common/hardware_irq/irq_handler_chain.S.obj
                0x2000044c                irq_handler_chain_slots
                0x2000047c                irq_handler_chain_first_slot
                0x20000486                irq_handler_chain_remove_tail
 *fill*         0x20000494        0xc 
 .data.aeabi_bits_funcs
                0x200004a0       0x10 CMakeFiles/pico_teste.dir/C_/VSARM/sdk/pico/pico-sdk/src/rp2_common/pico_bit_ops/bit_ops_aeabi.S.obj
                0x200004a0                aeabi_bits_funcs
                0x200004b0                aeabi_bits_funcs_end
 .data.aeabi_mem_funcs
                0x200004b0       0x10 CMakeFiles/pico_teste.dir/C_/VSARM/sdk/pico/pico-sdk/src/rp2_common/pico_mem_ops/mem_ops_aeabi.S.obj
                0x200004b0                aeabi_mem_funcs
                0x200004c0                aeabi_mem_funcs_end
 .data.stdio_usb
                0x200004c0       0x14 CMakeFiles/pico_teste.dir/C_/VSARM/sdk/pico/pico-sdk/src/rp2_common/pico_stdio_usb/stdio_usb.c.obj
                0x200004c0                stdio_usb
 .data.ep_dir_string
                0x200004d4        0x8 CMakeFiles/pico_teste.dir/C_/VSARM/sdk/pico/pico-sdk/lib/tinyusb/src/portable/raspberrypi/rp2040/rp2040_usb.c.obj
                0x200004d4                ep_dir_string
 .data._usbd_qdef
                0x200004dc       0x24 CMakeFiles/pico_teste.dir/C_/VSARM/sdk/pico/pico-sdk/lib/tinyusb/src/device/usbd.c.obj
                0x200004dc                _usbd_qdef
                0x20000500                . = ALIGN (0x4)
 *(.after_data.*)
                0x20000500                . = ALIGN (0x4)
                0x20000500                PROVIDE (__mutex_array_start = .)
 *(SORT_BY_NAME(.mutex_array.*))
 *(.mutex_array)
 .mutex_array   0x20000500        0x8 CMakeFiles/pico_teste.dir/C_/VSARM/sdk/pico/pico-sdk/src/rp2_common/pico_stdio/stdio.c.obj
                0x20000508                PROVIDE (__mutex_array_end = .)
                0x20000508                . = ALIGN (0x4)
                0x20000508                PROVIDE (__preinit_array_start = .)
 *(SORT_BY_NAME(.preinit_array.*))
 .preinit_array.00001
                0x20000508        0x4 CMakeFiles/pico_teste.dir/C_/VSARM/sdk/pico/pico-sdk/src/rp2_common/pico_mem_ops/mem_ops_aeabi.S.obj
 .preinit_array.00010
                0x2000050c        0x4 CMakeFiles/pico_teste.dir/C_/VSARM/sdk/pico/pico-sdk/src/rp2_common/pico_bit_ops/bit_ops_aeabi.S.obj
 .preinit_array.00020
                0x20000510        0x4 CMakeFiles/pico_teste.dir/C_/VSARM/sdk/pico/pico-sdk/src/rp2_common/pico_double/double_aeabi.S.obj
 .preinit_array.00020
                0x20000514        0x4 CMakeFiles/pico_teste.dir/C_/VSARM/sdk/pico/pico-sdk/src/rp2_common/pico_float/float_aeabi.S.obj
 *(.preinit_array)
                0x20000518                PROVIDE (__preinit_array_end = .)
                0x20000518                . = ALIGN (0x4)
                0x20000518                PROVIDE (__init_array_start = .)
 *(SORT_BY_NAME(.init_array.*))
 *(.init_array)
 .init_array    0x20000518        0x4 c:/vsarm/armcc/102020~1/bin/../lib/gcc/arm-none-eabi/10.2.1/thumb/v6-m/nofp/crtbegin.o
 .init_array    0x2000051c        0x4 CMakeFiles/pico_teste.dir/C_/VSARM/sdk/pico/pico-sdk/src/rp2_common/pico_unique_id/unique_id.c.obj
                0x20000520                PROVIDE (__init_array_end = .)
                0x20000520                . = ALIGN (0x4)
                [!provide]                PROVIDE (__fini_array_start = .)
 *(SORT_BY_NAME(.fini_array.*))
 *(.fini_array)
                [!provide]                PROVIDE (__fini_array_end = .)
 *(.jcr)
                0x20000520                . = ALIGN (0x4)
                0x20000520                __data_end__ = .

.igot.plt       0x20000520        0x0 load address 0x100089fc
 .igot.plt      0x20000520        0x0 c:/vsarm/armcc/102020~1/bin/../lib/gcc/arm-none-eabi/10.2.1/thumb/v6-m/nofp/crtbegin.o

.uninitialized_data
                0x20000520        0x0 load address 0x100089fc
                0x20000520                . = ALIGN (0x4)
 *(.uninitialized_data*)

.scratch_x      0x20040000        0x0 load address 0x100089fc
                0x20040000                __scratch_x_start__ = .
 *(.scratch_x.*)
                0x20040000                . = ALIGN (0x4)
                0x20040000                __scratch_x_end__ = .
                0x100089fc                __scratch_x_source__ = LOADADDR (.scratch_x)

.scratch_y      0x20041000        0x0 load address 0x100089fc
                0x20041000                __scratch_y_start__ = .
 *(.scratch_y.*)
                0x20041000                . = ALIGN (0x4)
                0x20041000                __scratch_y_end__ = .
                0x100089fc                __scratch_y_source__ = LOADADDR (.scratch_y)

.bss            0x20000520      0xd7c
                0x20000520                . = ALIGN (0x4)
                0x20000520                __bss_start__ = .
 *(SORT_BY_ALIGNMENT(SORT_BY_NAME(.bss*)))
 .bss.default_alarm_pool_entries
                0x20000520      0x100 CMakeFiles/pico_teste.dir/C_/VSARM/sdk/pico/pico-sdk/src/common/pico_time/time.c.obj
 .bss.last_avail_time.2
                0x20000620        0x8 CMakeFiles/pico_teste.dir/C_/VSARM/sdk/pico/pico-sdk/src/rp2_common/pico_stdio_usb/stdio_usb.c.obj
 .bss           0x20000628       0x1c c:/vsarm/armcc/102020~1/bin/../lib/gcc/arm-none-eabi/10.2.1/thumb/v6-m/nofp/crtbegin.o
 .bss._app_driver
                0x20000644        0x4 CMakeFiles/pico_teste.dir/C_/VSARM/sdk/pico/pico-sdk/lib/tinyusb/src/device/usbd.c.obj
 .bss._cdcd_itf
                0x20000648      0x2d8 CMakeFiles/pico_teste.dir/C_/VSARM/sdk/pico/pico-sdk/lib/tinyusb/src/class/cdc/cdc_device.c.obj
 .bss._ctrl_xfer
                0x20000920       0x14 CMakeFiles/pico_teste.dir/C_/VSARM/sdk/pico/pico-sdk/lib/tinyusb/src/device/usbd_control.c.obj
 .bss._ubsd_mutexdef
                0x20000934        0x8 CMakeFiles/pico_teste.dir/C_/VSARM/sdk/pico/pico-sdk/lib/tinyusb/src/device/usbd.c.obj
 .bss._usbd_ctrl_buf
                0x2000093c       0x40 CMakeFiles/pico_teste.dir/C_/VSARM/sdk/pico/pico-sdk/lib/tinyusb/src/device/usbd_control.c.obj
 .bss._usbd_dev
                0x2000097c       0x53 CMakeFiles/pico_teste.dir/C_/VSARM/sdk/pico/pico-sdk/lib/tinyusb/src/device/usbd.c.obj
 *fill*         0x200009cf        0x1 
 .bss._usbd_mutex
                0x200009d0        0x4 CMakeFiles/pico_teste.dir/C_/VSARM/sdk/pico/pico-sdk/lib/tinyusb/src/device/usbd.c.obj
 .bss._usbd_q   0x200009d4        0x4 CMakeFiles/pico_teste.dir/C_/VSARM/sdk/pico/pico-sdk/lib/tinyusb/src/device/usbd.c.obj
 .bss._usbd_qdef_buf
                0x200009d8       0xc0 CMakeFiles/pico_teste.dir/C_/VSARM/sdk/pico/pico-sdk/lib/tinyusb/src/device/usbd.c.obj
                0x200009d8                _usbd_qdef_buf
 .bss.alarm_callbacks
                0x20000a98       0x10 CMakeFiles/pico_teste.dir/C_/VSARM/sdk/pico/pico-sdk/src/rp2_common/hardware_timer/timer.c.obj
 .bss.boot2_copyout
                0x20000aa8      0x100 CMakeFiles/pico_teste.dir/C_/VSARM/sdk/pico/pico-sdk/src/rp2_common/hardware_flash/flash.c.obj
 .bss.claimed   0x20000ba8        0x4 CMakeFiles/pico_teste.dir/C_/VSARM/sdk/pico/pico-sdk/src/rp2_common/hardware_sync/sync.c.obj
 .bss.configured_freq
                0x20000bac       0x28 CMakeFiles/pico_teste.dir/C_/VSARM/sdk/pico/pico-sdk/src/rp2_common/hardware_clocks/clocks.c.obj
 .bss.default_alarm_pool_entry_ids_high
                0x20000bd4       0x10 CMakeFiles/pico_teste.dir/C_/VSARM/sdk/pico/pico-sdk/src/common/pico_time/time.c.obj
 .bss.default_alarm_pool_heap_nodes
                0x20000be4       0x30 CMakeFiles/pico_teste.dir/C_/VSARM/sdk/pico/pico-sdk/src/common/pico_time/time.c.obj
 .bss.desc_str.0
                0x20000c14       0x28 CMakeFiles/pico_teste.dir/C_/VSARM/sdk/pico/pico-sdk/src/rp2_common/pico_stdio_usb/stdio_usb_descriptors.c.obj
 .bss.drivers   0x20000c3c        0x4 CMakeFiles/pico_teste.dir/C_/VSARM/sdk/pico/pico-sdk/src/rp2_common/pico_stdio/stdio.c.obj
 .bss.filter    0x20000c40        0x4 CMakeFiles/pico_teste.dir/C_/VSARM/sdk/pico/pico-sdk/src/rp2_common/pico_stdio/stdio.c.obj
 .bss.hw_endpoints
                0x20000c44      0x400 CMakeFiles/pico_teste.dir/C_/VSARM/sdk/pico/pico-sdk/lib/tinyusb/src/portable/raspberrypi/rp2040/dcd_rp2040.c.obj
 .bss.load_value
                0x20001044        0x4 CMakeFiles/pico_teste.dir/C_/VSARM/sdk/pico/pico-sdk/src/rp2_common/hardware_watchdog/watchdog.c.obj
 .bss.next_buffer_ptr
                0x20001048        0x4 CMakeFiles/pico_teste.dir/C_/VSARM/sdk/pico/pico-sdk/lib/tinyusb/src/portable/raspberrypi/rp2040/dcd_rp2040.c.obj
 .bss.pools     0x2000104c       0x10 CMakeFiles/pico_teste.dir/C_/VSARM/sdk/pico/pico-sdk/src/common/pico_time/time.c.obj
 .bss.retrieved_id
                0x2000105c        0x8 CMakeFiles/pico_teste.dir/C_/VSARM/sdk/pico/pico-sdk/src/rp2_common/pico_unique_id/unique_id.c.obj
 .bss.sd_table  0x20001064      0x100 CMakeFiles/pico_teste.dir/C_/VSARM/sdk/pico/pico-sdk/src/rp2_common/pico_double/double_init_rom.c.obj
                0x20001064                sd_table
 .bss.sf_clz_func
                0x20001164        0x4 CMakeFiles/pico_teste.dir/C_/VSARM/sdk/pico/pico-sdk/src/rp2_common/pico_double/double_init_rom.c.obj
                0x20001164                sf_clz_func
 .bss.sf_table  0x20001168      0x100 CMakeFiles/pico_teste.dir/C_/VSARM/sdk/pico/pico-sdk/src/rp2_common/pico_float/float_init_rom.c.obj
                0x20001168                sf_table
 .bss.sleep_notifier
                0x20001268        0x4 CMakeFiles/pico_teste.dir/C_/VSARM/sdk/pico/pico-sdk/src/common/pico_time/time.c.obj
 .bss.stdio_usb_mutex
                0x2000126c        0x8 CMakeFiles/pico_teste.dir/C_/VSARM/sdk/pico/pico-sdk/src/rp2_common/pico_stdio_usb/stdio_usb.c.obj
 .bss.target_hi
                0x20001274       0x10 CMakeFiles/pico_teste.dir/C_/VSARM/sdk/pico/pico-sdk/src/rp2_common/hardware_timer/timer.c.obj
 .bss.usbd_serial_str